{"level":"info","message":"🚀 Starting QQ Bot...","module":"main","timestamp":"2025-09-02T00:31:04.311Z"}
{"level":"info","message":"✅ Database connected","module":"main","timestamp":"2025-09-02T00:31:04.340Z"}
{"level":"info","message":"✅ HTTP server started","module":"main","timestamp":"2025-09-02T00:31:04.341Z"}
{"level":"info","message":"✅ WebSocket client connected","module":"main","timestamp":"2025-09-02T00:31:04.344Z"}
{"level":"info","message":"WebSocket connected","module":"main","timestamp":"2025-09-02T00:31:04.349Z"}
{"level":"info","message":"🎉 QQ Bot started successfully!","module":"main","timestamp":"2025-09-02T00:31:04.354Z"}
{"extra":{"userId":85178516},"level":"info","message":"Startup notification sent to authorized user","module":"main","timestamp":"2025-09-02T00:31:05.368Z"}
{"level":"info","message":"🚀 Starting QQ Bot...","module":"main","timestamp":"2025-09-02T00:31:24.816Z"}
{"level":"info","message":"✅ Database connected","module":"main","timestamp":"2025-09-02T00:31:24.840Z"}
{"level":"info","message":"🛑 Stopping QQ Bot...","module":"main","timestamp":"2025-09-02T00:31:46.739Z"}
{"level":"info","message":"✅ QQ Bot stopped successfully","module":"main","timestamp":"2025-09-02T00:31:46.746Z"}
{"level":"info","message":"🚀 Starting QQ Bot...","module":"main","timestamp":"2025-09-02T00:31:51.075Z"}
{"level":"info","message":"✅ Database connected","module":"main","timestamp":"2025-09-02T00:31:51.099Z"}
{"level":"info","message":"✅ HTTP server started","module":"main","timestamp":"2025-09-02T00:31:51.101Z"}
{"level":"info","message":"✅ WebSocket client connected","module":"main","timestamp":"2025-09-02T00:31:51.104Z"}
{"level":"info","message":"WebSocket connected","module":"main","timestamp":"2025-09-02T00:31:51.109Z"}
{"level":"info","message":"🎉 QQ Bot started successfully!","module":"main","timestamp":"2025-09-02T00:31:51.112Z"}
{"extra":{"userId":85178516},"level":"info","message":"Startup notification sent to authorized user","module":"main","timestamp":"2025-09-02T00:31:52.125Z"}
{"level":"info","message":"🛑 Stopping QQ Bot...","module":"main","timestamp":"2025-09-02T00:34:21.143Z"}
{"level":"info","message":"✅ QQ Bot stopped successfully","module":"main","timestamp":"2025-09-02T00:34:21.152Z"}
{"level":"info","message":"🚀 Starting QQ Bot...","module":"main","timestamp":"2025-09-02T00:34:25.049Z"}
{"level":"info","message":"✅ Database connected","module":"main","timestamp":"2025-09-02T00:34:25.077Z"}
{"level":"info","message":"✅ HTTP server started","module":"main","timestamp":"2025-09-02T00:34:25.078Z"}
{"level":"info","message":"✅ WebSocket client connected","module":"main","timestamp":"2025-09-02T00:34:25.080Z"}
{"level":"info","message":"WebSocket connected","module":"main","timestamp":"2025-09-02T00:34:25.085Z"}
{"level":"info","message":"🎉 QQ Bot started successfully!","module":"main","timestamp":"2025-09-02T00:34:25.088Z"}
{"extra":{"userId":85178516},"level":"info","message":"Startup notification sent to authorized user","module":"main","timestamp":"2025-09-02T00:34:26.100Z"}
{"level":"info","message":"🛑 Stopping QQ Bot...","module":"main","timestamp":"2025-09-02T00:38:03.787Z"}
{"level":"info","message":"✅ QQ Bot stopped successfully","module":"main","timestamp":"2025-09-02T00:38:03.796Z"}
{"level":"info","message":"🚀 Starting QQ Bot...","module":"main","timestamp":"2025-09-02T00:38:26.139Z"}
{"level":"info","message":"✅ Database connected","module":"main","timestamp":"2025-09-02T00:38:26.167Z"}
{"level":"info","message":"✅ HTTP server started","module":"main","timestamp":"2025-09-02T00:38:26.168Z"}
{"level":"info","message":"✅ WebSocket client connected","module":"main","timestamp":"2025-09-02T00:38:26.171Z"}
{"level":"info","message":"WebSocket connected","module":"main","timestamp":"2025-09-02T00:38:26.176Z"}
{"level":"info","message":"🎉 QQ Bot started successfully!","module":"main","timestamp":"2025-09-02T00:38:26.179Z"}
{"extra":{"userId":85178516},"level":"info","message":"Startup notification sent to authorized user","module":"main","timestamp":"2025-09-02T00:38:27.194Z"}
{"level":"info","message":"🛑 Stopping QQ Bot...","module":"main","timestamp":"2025-09-02T00:38:53.134Z"}
{"level":"info","message":"✅ QQ Bot stopped successfully","module":"main","timestamp":"2025-09-02T00:38:53.142Z"}
{"level":"info","message":"🚀 Starting QQ Bot...","module":"main","timestamp":"2025-09-02T00:39:33.074Z"}
{"level":"info","message":"✅ Database connected","module":"main","timestamp":"2025-09-02T00:39:33.099Z"}
{"level":"info","message":"✅ HTTP server started","module":"main","timestamp":"2025-09-02T00:39:33.101Z"}
{"level":"info","message":"✅ WebSocket client connected","module":"main","timestamp":"2025-09-02T00:39:33.103Z"}
{"level":"info","message":"WebSocket connected","module":"main","timestamp":"2025-09-02T00:39:33.108Z"}
{"level":"info","message":"🎉 QQ Bot started successfully!","module":"main","timestamp":"2025-09-02T00:39:33.115Z"}
{"extra":{"userId":85178516},"level":"info","message":"Startup notification sent to authorized user","module":"main","timestamp":"2025-09-02T00:39:34.128Z"}
{"level":"info","message":"🛑 Stopping QQ Bot...","module":"main","timestamp":"2025-09-02T00:42:04.907Z"}
{"level":"info","message":"✅ QQ Bot stopped successfully","module":"main","timestamp":"2025-09-02T00:42:04.916Z"}
{"level":"info","message":"🚀 Starting QQ Bot...","module":"main","timestamp":"2025-09-02T00:42:08.834Z"}
{"level":"info","message":"✅ Database connected","module":"main","timestamp":"2025-09-02T00:42:08.856Z"}
{"level":"info","message":"✅ HTTP server started","module":"main","timestamp":"2025-09-02T00:42:08.858Z"}
{"level":"info","message":"✅ WebSocket client connected","module":"main","timestamp":"2025-09-02T00:42:08.860Z"}
{"level":"info","message":"WebSocket connected","module":"main","timestamp":"2025-09-02T00:42:08.867Z"}
{"level":"info","message":"🎉 QQ Bot started successfully!","module":"main","timestamp":"2025-09-02T00:42:08.870Z"}
{"extra":{"userId":85178516},"level":"info","message":"Startup notification sent to authorized user","module":"main","timestamp":"2025-09-02T00:42:09.883Z"}
{"extra":{"message":"hello","user_id":85178516},"level":"info","message":"Received private message","module":"main","timestamp":"2025-09-02T00:43:46.500Z"}
{"extra":{"sessionId":"session_85178516_644518184","sessionType":"chat","userId":85178516},"level":"info","message":"Session processing result","module":"main","timestamp":"2025-09-02T00:43:46.512Z"}
{"extra":{"conversationId":"33306974-b856-4045-a828-5cbb14ba790e","responseTime":8977,"userId":85178516},"level":"info","message":"AI conversation completed","module":"main","timestamp":"2025-09-02T00:43:55.499Z"}
{"extra":{"group_id":253631878,"user_id":2250861987},"level":"info","message":"New group member joined","module":"main","timestamp":"2025-09-02T04:05:27.157Z"}
{"extra":{"group_id":253631878,"user_id":522341363},"level":"info","message":"New group member joined","module":"main","timestamp":"2025-09-02T04:06:33.330Z"}
{"level":"info","message":"🛑 Stopping QQ Bot...","module":"main","timestamp":"2025-09-02T12:33:56.851Z"}
{"level":"info","message":"✅ QQ Bot stopped successfully","module":"main","timestamp":"2025-09-02T12:33:56.907Z"}
{"level":"info","message":"🚀 Starting QQ Bot...","module":"main","timestamp":"2025-09-02T12:34:00.846Z"}
{"level":"info","message":"✅ Database connected","module":"main","timestamp":"2025-09-02T12:34:00.870Z"}
{"level":"info","message":"✅ HTTP server started","module":"main","timestamp":"2025-09-02T12:34:00.872Z"}
{"level":"info","message":"✅ WebSocket client connected","module":"main","timestamp":"2025-09-02T12:34:00.874Z"}
{"level":"info","message":"WebSocket connected","module":"main","timestamp":"2025-09-02T12:34:00.883Z"}
{"level":"info","message":"🎉 QQ Bot started successfully!","module":"main","timestamp":"2025-09-02T12:34:00.885Z"}
{"extra":{"userId":85178516},"level":"info","message":"Startup notification sent to authorized user","module":"main","timestamp":"2025-09-02T12:34:01.898Z"}
{"level":"info","message":"🛑 Stopping QQ Bot...","module":"main","timestamp":"2025-09-02T12:34:37.524Z"}
{"level":"info","message":"✅ QQ Bot stopped successfully","module":"main","timestamp":"2025-09-02T12:34:37.533Z"}
{"level":"info","message":"🚀 Starting QQ Bot...","module":"main","timestamp":"2025-09-02T12:34:41.429Z"}
{"level":"info","message":"✅ Database connected","module":"main","timestamp":"2025-09-02T12:34:41.454Z"}
{"level":"info","message":"✅ HTTP server started","module":"main","timestamp":"2025-09-02T12:34:41.457Z"}
{"level":"info","message":"✅ WebSocket client connected","module":"main","timestamp":"2025-09-02T12:34:41.459Z"}
{"level":"info","message":"WebSocket connected","module":"main","timestamp":"2025-09-02T12:34:41.465Z"}
{"level":"info","message":"🎉 QQ Bot started successfully!","module":"main","timestamp":"2025-09-02T12:34:41.472Z"}
{"extra":{"userId":85178516},"level":"info","message":"Startup notification sent to authorized user","module":"main","timestamp":"2025-09-02T12:34:42.488Z"}
{"level":"info","message":"🛑 Stopping QQ Bot...","module":"main","timestamp":"2025-09-02T12:38:22.297Z"}
{"level":"info","message":"✅ QQ Bot stopped successfully","module":"main","timestamp":"2025-09-02T12:38:22.306Z"}
{"level":"info","message":"🚀 Starting QQ Bot...","module":"main","timestamp":"2025-09-02T13:10:38.795Z"}
{"level":"info","message":"✅ Database connected","module":"main","timestamp":"2025-09-02T13:10:38.824Z"}
{"level":"info","message":"✅ HTTP server started","module":"main","timestamp":"2025-09-02T13:10:38.826Z"}
{"level":"info","message":"✅ WebSocket client connected","module":"main","timestamp":"2025-09-02T13:10:38.828Z"}
{"level":"info","message":"WebSocket connected","module":"main","timestamp":"2025-09-02T13:10:38.833Z"}
{"level":"info","message":"🎉 QQ Bot started successfully!","module":"main","timestamp":"2025-09-02T13:10:38.839Z"}
{"extra":{"userId":85178516},"level":"info","message":"Startup notification sent to authorized user","module":"main","timestamp":"2025-09-02T13:10:39.861Z"}
{"extra":{"message":"hello","user_id":85178516},"level":"info","message":"Received private message","module":"main","timestamp":"2025-09-02T13:13:24.933Z"}
{"extra":{"sessionId":"session_85178516_1177170809","sessionType":"chat","userId":85178516},"level":"info","message":"Session processing result","module":"main","timestamp":"2025-09-02T13:13:24.938Z"}
{"extra":{"conversationId":"b1fab93e-11cf-4312-901d-13efe2540b54","responseTime":4,"userId":85178516},"level":"info","message":"AI conversation completed","module":"main","timestamp":"2025-09-02T13:13:24.955Z"}
{"level":"info","message":"🚀 Starting QQ Bot...","module":"main","timestamp":"2025-09-02T13:34:00.331Z"}
{"level":"info","message":"✅ Database connected","module":"main","timestamp":"2025-09-02T13:34:00.356Z"}
{"extra":{"message":"hello","user_id":85178516},"level":"info","message":"Received private message","module":"main","timestamp":"2025-09-02T13:34:40.710Z"}
{"extra":{"sessionId":"session_85178516_2068653021","sessionType":"chat","userId":85178516},"level":"info","message":"Session processing result","module":"main","timestamp":"2025-09-02T13:34:40.715Z"}
{"extra":{"conversationId":"01421efe-2293-4573-b93b-0b04bfc1f268","responseTime":3,"userId":85178516},"level":"info","message":"AI conversation completed","module":"main","timestamp":"2025-09-02T13:34:40.728Z"}
{"level":"info","message":"🛑 Stopping QQ Bot...","module":"main","timestamp":"2025-09-02T13:40:38.262Z"}
{"level":"info","message":"✅ QQ Bot stopped successfully","module":"main","timestamp":"2025-09-02T13:40:38.271Z"}
{"level":"info","message":"🚀 Starting QQ Bot...","module":"main","timestamp":"2025-09-02T13:40:54.680Z"}
{"level":"info","message":"✅ Database connected","module":"main","timestamp":"2025-09-02T13:40:54.703Z"}
{"level":"info","message":"✅ HTTP server started","module":"main","timestamp":"2025-09-02T13:40:54.705Z"}
{"level":"info","message":"✅ WebSocket client connected","module":"main","timestamp":"2025-09-02T13:40:54.707Z"}
{"level":"info","message":"WebSocket connected","module":"main","timestamp":"2025-09-02T13:40:54.714Z"}
{"level":"info","message":"🎉 QQ Bot started successfully!","module":"main","timestamp":"2025-09-02T13:40:54.717Z"}
{"extra":{"userId":85178516},"level":"info","message":"Startup notification sent to authorized user","module":"main","timestamp":"2025-09-02T13:40:55.737Z"}
{"level":"info","message":"🛑 Stopping QQ Bot...","module":"main","timestamp":"2025-09-02T13:44:46.483Z"}
{"level":"info","message":"✅ QQ Bot stopped successfully","module":"main","timestamp":"2025-09-02T13:44:46.493Z"}
{"level":"info","message":"🚀 Starting QQ Bot...","module":"main","timestamp":"2025-09-02T13:44:50.343Z"}
{"level":"info","message":"✅ Database connected","module":"main","timestamp":"2025-09-02T13:44:50.364Z"}
{"level":"info","message":"✅ HTTP server started","module":"main","timestamp":"2025-09-02T13:44:50.365Z"}
{"level":"info","message":"✅ WebSocket client connected","module":"main","timestamp":"2025-09-02T13:44:50.368Z"}
{"level":"info","message":"WebSocket connected","module":"main","timestamp":"2025-09-02T13:44:50.375Z"}
{"level":"info","message":"🎉 QQ Bot started successfully!","module":"main","timestamp":"2025-09-02T13:44:50.378Z"}
{"extra":{"userId":85178516},"level":"info","message":"Startup notification sent to authorized user","module":"main","timestamp":"2025-09-02T13:44:51.392Z"}
{"level":"info","message":"🛑 Stopping QQ Bot...","module":"main","timestamp":"2025-09-02T13:45:02.815Z"}
{"level":"info","message":"✅ QQ Bot stopped successfully","module":"main","timestamp":"2025-09-02T13:45:02.824Z"}
{"level":"info","message":"🚀 Starting QQ Bot...","module":"main","timestamp":"2025-09-02T13:45:06.670Z"}
{"level":"info","message":"✅ Database connected","module":"main","timestamp":"2025-09-02T13:45:06.693Z"}
{"level":"info","message":"✅ HTTP server started","module":"main","timestamp":"2025-09-02T13:45:06.695Z"}
{"level":"info","message":"✅ WebSocket client connected","module":"main","timestamp":"2025-09-02T13:45:06.697Z"}
{"level":"info","message":"WebSocket connected","module":"main","timestamp":"2025-09-02T13:45:06.707Z"}
{"level":"info","message":"🎉 QQ Bot started successfully!","module":"main","timestamp":"2025-09-02T13:45:06.713Z"}
{"extra":{"userId":85178516},"level":"info","message":"Startup notification sent to authorized user","module":"main","timestamp":"2025-09-02T13:45:07.729Z"}
{"level":"info","message":"🛑 Stopping QQ Bot...","module":"main","timestamp":"2025-09-02T13:45:17.838Z"}
{"level":"info","message":"✅ QQ Bot stopped successfully","module":"main","timestamp":"2025-09-02T13:45:17.846Z"}
{"level":"info","message":"🚀 Starting QQ Bot...","module":"main","timestamp":"2025-09-02T13:45:21.608Z"}
{"level":"info","message":"✅ Database connected","module":"main","timestamp":"2025-09-02T13:45:21.629Z"}
{"level":"info","message":"✅ HTTP server started","module":"main","timestamp":"2025-09-02T13:45:21.630Z"}
{"level":"info","message":"✅ WebSocket client connected","module":"main","timestamp":"2025-09-02T13:45:21.633Z"}
{"level":"info","message":"WebSocket connected","module":"main","timestamp":"2025-09-02T13:45:21.639Z"}
{"level":"info","message":"🎉 QQ Bot started successfully!","module":"main","timestamp":"2025-09-02T13:45:21.645Z"}
{"extra":{"userId":85178516},"level":"info","message":"Startup notification sent to authorized user","module":"main","timestamp":"2025-09-02T13:45:22.661Z"}
{"level":"info","message":"🛑 Stopping QQ Bot...","module":"main","timestamp":"2025-09-02T13:45:46.528Z"}
{"level":"info","message":"✅ QQ Bot stopped successfully","module":"main","timestamp":"2025-09-02T13:45:46.536Z"}
{"level":"info","message":"🚀 Starting QQ Bot...","module":"main","timestamp":"2025-09-02T13:45:50.358Z"}
{"level":"info","message":"✅ Database connected","module":"main","timestamp":"2025-09-02T13:45:50.377Z"}
{"level":"info","message":"✅ HTTP server started","module":"main","timestamp":"2025-09-02T13:45:50.381Z"}
{"level":"info","message":"✅ WebSocket client connected","module":"main","timestamp":"2025-09-02T13:45:50.384Z"}
{"level":"info","message":"WebSocket connected","module":"main","timestamp":"2025-09-02T13:45:50.392Z"}
{"level":"info","message":"🎉 QQ Bot started successfully!","module":"main","timestamp":"2025-09-02T13:45:50.395Z"}
{"extra":{"userId":85178516},"level":"info","message":"Startup notification sent to authorized user","module":"main","timestamp":"2025-09-02T13:45:51.411Z"}
{"level":"info","message":"🛑 Stopping QQ Bot...","module":"main","timestamp":"2025-09-02T13:47:12.715Z"}
{"level":"info","message":"✅ QQ Bot stopped successfully","module":"main","timestamp":"2025-09-02T13:47:12.725Z"}
{"level":"info","message":"🚀 Starting QQ Bot...","module":"main","timestamp":"2025-09-02T13:47:16.559Z"}
{"level":"info","message":"✅ Database connected","module":"main","timestamp":"2025-09-02T13:47:16.583Z"}
{"level":"info","message":"✅ HTTP server started","module":"main","timestamp":"2025-09-02T13:47:16.585Z"}
{"level":"info","message":"✅ WebSocket client connected","module":"main","timestamp":"2025-09-02T13:47:16.588Z"}
{"level":"info","message":"WebSocket connected","module":"main","timestamp":"2025-09-02T13:47:16.595Z"}
{"level":"info","message":"🎉 QQ Bot started successfully!","module":"main","timestamp":"2025-09-02T13:47:16.602Z"}
{"extra":{"userId":85178516},"level":"info","message":"Startup notification sent to authorized user","module":"main","timestamp":"2025-09-02T13:47:17.617Z"}
{"level":"info","message":"🛑 Stopping QQ Bot...","module":"main","timestamp":"2025-09-02T13:47:34.703Z"}
{"level":"info","message":"✅ QQ Bot stopped successfully","module":"main","timestamp":"2025-09-02T13:47:34.711Z"}
{"level":"info","message":"🚀 Starting QQ Bot...","module":"main","timestamp":"2025-09-02T13:47:38.609Z"}
{"level":"info","message":"✅ Database connected","module":"main","timestamp":"2025-09-02T13:47:38.629Z"}
{"level":"info","message":"✅ HTTP server started","module":"main","timestamp":"2025-09-02T13:47:38.631Z"}
{"level":"info","message":"✅ WebSocket client connected","module":"main","timestamp":"2025-09-02T13:47:38.633Z"}
{"level":"info","message":"WebSocket connected","module":"main","timestamp":"2025-09-02T13:47:38.640Z"}
{"level":"info","message":"🎉 QQ Bot started successfully!","module":"main","timestamp":"2025-09-02T13:47:38.645Z"}
{"extra":{"userId":85178516},"level":"info","message":"Startup notification sent to authorized user","module":"main","timestamp":"2025-09-02T13:47:39.662Z"}
{"level":"info","message":"🛑 Stopping QQ Bot...","module":"main","timestamp":"2025-09-02T13:50:36.841Z"}
{"level":"info","message":"✅ QQ Bot stopped successfully","module":"main","timestamp":"2025-09-02T13:50:36.850Z"}
{"level":"info","message":"🚀 Starting QQ Bot...","module":"main","timestamp":"2025-09-02T13:50:40.695Z"}
{"level":"info","message":"✅ Database connected","module":"main","timestamp":"2025-09-02T13:50:40.719Z"}
{"level":"info","message":"✅ HTTP server started","module":"main","timestamp":"2025-09-02T13:50:40.721Z"}
{"level":"info","message":"✅ WebSocket client connected","module":"main","timestamp":"2025-09-02T13:50:40.723Z"}
{"level":"info","message":"WebSocket connected","module":"main","timestamp":"2025-09-02T13:50:40.731Z"}
{"level":"info","message":"🎉 QQ Bot started successfully!","module":"main","timestamp":"2025-09-02T13:50:40.734Z"}
{"extra":{"userId":85178516},"level":"info","message":"Startup notification sent to authorized user","module":"main","timestamp":"2025-09-02T13:50:41.749Z"}
{"level":"info","message":"🛑 Stopping QQ Bot...","module":"main","timestamp":"2025-09-02T13:51:10.906Z"}
{"level":"info","message":"✅ QQ Bot stopped successfully","module":"main","timestamp":"2025-09-02T13:51:10.917Z"}
{"level":"info","message":"🚀 Starting QQ Bot...","module":"main","timestamp":"2025-09-02T13:51:14.770Z"}
{"level":"info","message":"✅ Database connected","module":"main","timestamp":"2025-09-02T13:51:14.796Z"}
{"level":"info","message":"✅ HTTP server started","module":"main","timestamp":"2025-09-02T13:51:14.798Z"}
{"level":"info","message":"✅ WebSocket client connected","module":"main","timestamp":"2025-09-02T13:51:14.800Z"}
{"level":"info","message":"WebSocket connected","module":"main","timestamp":"2025-09-02T13:51:14.807Z"}
{"level":"info","message":"🎉 QQ Bot started successfully!","module":"main","timestamp":"2025-09-02T13:51:14.811Z"}
{"extra":{"userId":85178516},"level":"info","message":"Startup notification sent to authorized user","module":"main","timestamp":"2025-09-02T13:51:15.827Z"}
{"level":"info","message":"🛑 Stopping QQ Bot...","module":"main","timestamp":"2025-09-02T13:51:36.000Z"}
{"level":"info","message":"✅ QQ Bot stopped successfully","module":"main","timestamp":"2025-09-02T13:51:36.008Z"}
{"level":"info","message":"🚀 Starting QQ Bot...","module":"main","timestamp":"2025-09-02T13:51:39.928Z"}
{"level":"info","message":"✅ Database connected","module":"main","timestamp":"2025-09-02T13:51:39.952Z"}
{"level":"info","message":"✅ HTTP server started","module":"main","timestamp":"2025-09-02T13:51:39.954Z"}
{"level":"info","message":"✅ WebSocket client connected","module":"main","timestamp":"2025-09-02T13:51:39.957Z"}
{"level":"info","message":"WebSocket connected","module":"main","timestamp":"2025-09-02T13:51:39.962Z"}
{"level":"info","message":"🎉 QQ Bot started successfully!","module":"main","timestamp":"2025-09-02T13:51:39.969Z"}
{"extra":{"userId":85178516},"level":"info","message":"Startup notification sent to authorized user","module":"main","timestamp":"2025-09-02T13:51:40.985Z"}
{"level":"info","message":"🛑 Stopping QQ Bot...","module":"main","timestamp":"2025-09-02T13:52:08.905Z"}
{"level":"info","message":"✅ QQ Bot stopped successfully","module":"main","timestamp":"2025-09-02T13:52:08.914Z"}
{"level":"info","message":"🚀 Starting QQ Bot...","module":"main","timestamp":"2025-09-02T13:52:12.787Z"}
{"level":"info","message":"✅ Database connected","module":"main","timestamp":"2025-09-02T13:52:12.809Z"}
{"level":"info","message":"✅ HTTP server started","module":"main","timestamp":"2025-09-02T13:52:12.811Z"}
{"level":"info","message":"✅ WebSocket client connected","module":"main","timestamp":"2025-09-02T13:52:12.813Z"}
{"level":"info","message":"WebSocket connected","module":"main","timestamp":"2025-09-02T13:52:12.822Z"}
{"level":"info","message":"🎉 QQ Bot started successfully!","module":"main","timestamp":"2025-09-02T13:52:12.826Z"}
{"extra":{"userId":85178516},"level":"info","message":"Startup notification sent to authorized user","module":"main","timestamp":"2025-09-02T13:52:13.842Z"}
{"level":"info","message":"🛑 Stopping QQ Bot...","module":"main","timestamp":"2025-09-02T13:52:49.885Z"}
{"level":"info","message":"✅ QQ Bot stopped successfully","module":"main","timestamp":"2025-09-02T13:52:49.893Z"}
{"level":"info","message":"🚀 Starting QQ Bot...","module":"main","timestamp":"2025-09-02T13:52:53.771Z"}
{"level":"info","message":"✅ Database connected","module":"main","timestamp":"2025-09-02T13:52:53.792Z"}
{"level":"info","message":"✅ HTTP server started","module":"main","timestamp":"2025-09-02T13:52:53.795Z"}
{"level":"info","message":"✅ WebSocket client connected","module":"main","timestamp":"2025-09-02T13:52:53.798Z"}
{"level":"info","message":"WebSocket connected","module":"main","timestamp":"2025-09-02T13:52:53.806Z"}
{"level":"info","message":"🎉 QQ Bot started successfully!","module":"main","timestamp":"2025-09-02T13:52:53.811Z"}
{"extra":{"userId":85178516},"level":"info","message":"Startup notification sent to authorized user","module":"main","timestamp":"2025-09-02T13:52:54.828Z"}
{"level":"info","message":"🛑 Stopping QQ Bot...","module":"main","timestamp":"2025-09-02T14:18:32.235Z"}
{"level":"info","message":"✅ QQ Bot stopped successfully","module":"main","timestamp":"2025-09-02T14:18:32.244Z"}
{"level":"info","message":"🚀 Starting QQ Bot...","module":"main","timestamp":"2025-09-02T14:18:36.109Z"}
{"level":"info","message":"✅ Database connected","module":"main","timestamp":"2025-09-02T14:18:36.134Z"}
{"level":"info","message":"✅ HTTP server started","module":"main","timestamp":"2025-09-02T14:18:36.135Z"}
{"level":"info","message":"✅ WebSocket client connected","module":"main","timestamp":"2025-09-02T14:18:36.138Z"}
{"level":"info","message":"WebSocket connected","module":"main","timestamp":"2025-09-02T14:18:36.145Z"}
{"level":"info","message":"🎉 QQ Bot started successfully!","module":"main","timestamp":"2025-09-02T14:18:36.148Z"}
{"extra":{"userId":85178516},"level":"info","message":"Startup notification sent to authorized user","module":"main","timestamp":"2025-09-02T14:18:37.162Z"}
{"level":"info","message":"🛑 Stopping QQ Bot...","module":"main","timestamp":"2025-09-02T14:18:49.941Z"}
{"level":"info","message":"✅ QQ Bot stopped successfully","module":"main","timestamp":"2025-09-02T14:18:49.949Z"}
{"level":"info","message":"🚀 Starting QQ Bot...","module":"main","timestamp":"2025-09-02T14:18:53.830Z"}
{"level":"info","message":"✅ Database connected","module":"main","timestamp":"2025-09-02T14:18:53.856Z"}
{"level":"info","message":"✅ HTTP server started","module":"main","timestamp":"2025-09-02T14:18:53.858Z"}
{"level":"info","message":"✅ WebSocket client connected","module":"main","timestamp":"2025-09-02T14:18:53.860Z"}
{"level":"info","message":"WebSocket connected","module":"main","timestamp":"2025-09-02T14:18:53.868Z"}
{"level":"info","message":"🎉 QQ Bot started successfully!","module":"main","timestamp":"2025-09-02T14:18:53.870Z"}
{"extra":{"userId":85178516},"level":"info","message":"Startup notification sent to authorized user","module":"main","timestamp":"2025-09-02T14:18:54.887Z"}
{"level":"info","message":"🛑 Stopping QQ Bot...","module":"main","timestamp":"2025-09-02T14:19:21.635Z"}
{"level":"info","message":"✅ QQ Bot stopped successfully","module":"main","timestamp":"2025-09-02T14:19:21.652Z"}
{"level":"info","message":"🚀 Starting QQ Bot...","module":"main","timestamp":"2025-09-02T14:20:28.228Z"}
{"level":"info","message":"✅ Database connected","module":"main","timestamp":"2025-09-02T14:20:28.248Z"}
{"level":"info","message":"✅ HTTP server started","module":"main","timestamp":"2025-09-02T14:20:28.250Z"}
{"level":"info","message":"✅ WebSocket client connected","module":"main","timestamp":"2025-09-02T14:20:28.252Z"}
{"level":"info","message":"WebSocket connected","module":"main","timestamp":"2025-09-02T14:20:28.258Z"}
{"level":"info","message":"🎉 QQ Bot started successfully!","module":"main","timestamp":"2025-09-02T14:20:28.260Z"}
{"extra":{"userId":85178516},"level":"info","message":"Startup notification sent to authorized user","module":"main","timestamp":"2025-09-02T14:20:29.277Z"}
{"level":"info","message":"🛑 Stopping QQ Bot...","module":"main","timestamp":"2025-09-02T14:21:33.123Z"}
{"level":"info","message":"✅ QQ Bot stopped successfully","module":"main","timestamp":"2025-09-02T14:21:33.134Z"}
{"level":"info","message":"🚀 Starting QQ Bot...","module":"main","timestamp":"2025-09-02T14:21:59.278Z"}
{"level":"info","message":"✅ Database connected","module":"main","timestamp":"2025-09-02T14:21:59.299Z"}
{"level":"info","message":"✅ HTTP server started","module":"main","timestamp":"2025-09-02T14:21:59.301Z"}
{"level":"info","message":"✅ WebSocket client connected","module":"main","timestamp":"2025-09-02T14:21:59.303Z"}
{"level":"info","message":"WebSocket connected","module":"main","timestamp":"2025-09-02T14:21:59.312Z"}
{"level":"info","message":"🎉 QQ Bot started successfully!","module":"main","timestamp":"2025-09-02T14:21:59.315Z"}
{"extra":{"userId":85178516},"level":"info","message":"Startup notification sent to authorized user","module":"main","timestamp":"2025-09-02T14:22:00.330Z"}
{"level":"info","message":"🛑 Stopping QQ Bot...","module":"main","timestamp":"2025-09-02T14:24:44.734Z"}
{"level":"info","message":"✅ QQ Bot stopped successfully","module":"main","timestamp":"2025-09-02T14:24:44.741Z"}
{"level":"info","message":"🚀 Starting QQ Bot...","module":"main","timestamp":"2025-09-02T14:24:48.576Z"}
{"level":"info","message":"✅ Database connected","module":"main","timestamp":"2025-09-02T14:24:48.600Z"}
{"level":"info","message":"✅ HTTP server started","module":"main","timestamp":"2025-09-02T14:24:48.602Z"}
{"level":"info","message":"✅ WebSocket client connected","module":"main","timestamp":"2025-09-02T14:24:48.604Z"}
{"level":"info","message":"WebSocket connected","module":"main","timestamp":"2025-09-02T14:24:48.611Z"}
{"level":"info","message":"🎉 QQ Bot started successfully!","module":"main","timestamp":"2025-09-02T14:24:48.616Z"}
{"extra":{"userId":85178516},"level":"info","message":"Startup notification sent to authorized user","module":"main","timestamp":"2025-09-02T14:24:49.630Z"}
{"level":"info","message":"🛑 Stopping QQ Bot...","module":"main","timestamp":"2025-09-02T14:25:09.304Z"}
{"level":"info","message":"✅ QQ Bot stopped successfully","module":"main","timestamp":"2025-09-02T14:25:09.313Z"}
{"level":"info","message":"🚀 Starting QQ Bot...","module":"main","timestamp":"2025-09-02T14:25:33.556Z"}
{"level":"info","message":"✅ Database connected","module":"main","timestamp":"2025-09-02T14:25:33.584Z"}
{"level":"info","message":"✅ HTTP server started","module":"main","timestamp":"2025-09-02T14:25:33.586Z"}
{"level":"info","message":"✅ WebSocket client connected","module":"main","timestamp":"2025-09-02T14:25:33.589Z"}
{"level":"info","message":"WebSocket connected","module":"main","timestamp":"2025-09-02T14:25:33.596Z"}
{"level":"info","message":"🎉 QQ Bot started successfully!","module":"main","timestamp":"2025-09-02T14:25:33.601Z"}
{"extra":{"userId":85178516},"level":"info","message":"Startup notification sent to authorized user","module":"main","timestamp":"2025-09-02T14:25:34.619Z"}
{"level":"info","message":"🛑 Stopping QQ Bot...","module":"main","timestamp":"2025-09-02T14:29:16.756Z"}
{"level":"info","message":"✅ QQ Bot stopped successfully","module":"main","timestamp":"2025-09-02T14:29:16.764Z"}
{"level":"info","message":"🚀 Starting QQ Bot...","module":"main","timestamp":"2025-09-02T14:29:20.617Z"}
{"level":"info","message":"✅ Database connected","module":"main","timestamp":"2025-09-02T14:29:20.637Z"}
{"level":"info","message":"✅ HTTP server started","module":"main","timestamp":"2025-09-02T14:29:20.639Z"}
{"level":"info","message":"✅ WebSocket client connected","module":"main","timestamp":"2025-09-02T14:29:20.641Z"}
{"level":"info","message":"WebSocket connected","module":"main","timestamp":"2025-09-02T14:29:20.648Z"}
{"level":"info","message":"🎉 QQ Bot started successfully!","module":"main","timestamp":"2025-09-02T14:29:20.650Z"}
{"extra":{"userId":85178516},"level":"info","message":"Startup notification sent to authorized user","module":"main","timestamp":"2025-09-02T14:29:21.669Z"}
{"level":"info","message":"🛑 Stopping QQ Bot...","module":"main","timestamp":"2025-09-02T14:30:08.960Z"}
{"level":"info","message":"✅ QQ Bot stopped successfully","module":"main","timestamp":"2025-09-02T14:30:08.969Z"}
{"level":"info","message":"🚀 Starting QQ Bot...","module":"main","timestamp":"2025-09-02T14:30:12.842Z"}
{"level":"info","message":"✅ Database connected","module":"main","timestamp":"2025-09-02T14:30:12.865Z"}
{"level":"info","message":"✅ HTTP server started","module":"main","timestamp":"2025-09-02T14:30:12.867Z"}
{"level":"info","message":"✅ WebSocket client connected","module":"main","timestamp":"2025-09-02T14:30:12.869Z"}
{"level":"info","message":"WebSocket connected","module":"main","timestamp":"2025-09-02T14:30:12.876Z"}
{"level":"info","message":"🎉 QQ Bot started successfully!","module":"main","timestamp":"2025-09-02T14:30:12.881Z"}
{"extra":{"userId":85178516},"level":"info","message":"Startup notification sent to authorized user","module":"main","timestamp":"2025-09-02T14:30:13.898Z"}
{"level":"info","message":"🛑 Stopping QQ Bot...","module":"main","timestamp":"2025-09-02T14:30:27.139Z"}
{"level":"info","message":"✅ QQ Bot stopped successfully","module":"main","timestamp":"2025-09-02T14:30:27.147Z"}
{"level":"info","message":"🚀 Starting QQ Bot...","module":"main","timestamp":"2025-09-02T14:30:30.949Z"}
{"level":"info","message":"✅ Database connected","module":"main","timestamp":"2025-09-02T14:30:30.975Z"}
{"level":"info","message":"✅ HTTP server started","module":"main","timestamp":"2025-09-02T14:30:30.977Z"}
{"level":"info","message":"✅ WebSocket client connected","module":"main","timestamp":"2025-09-02T14:30:30.979Z"}
{"level":"info","message":"WebSocket connected","module":"main","timestamp":"2025-09-02T14:30:30.985Z"}
{"level":"info","message":"🎉 QQ Bot started successfully!","module":"main","timestamp":"2025-09-02T14:30:30.990Z"}
{"extra":{"userId":85178516},"level":"info","message":"Startup notification sent to authorized user","module":"main","timestamp":"2025-09-02T14:30:32.006Z"}
{"level":"info","message":"🛑 Stopping QQ Bot...","module":"main","timestamp":"2025-09-02T14:31:26.946Z"}
{"level":"info","message":"✅ QQ Bot stopped successfully","module":"main","timestamp":"2025-09-02T14:31:26.955Z"}
{"level":"info","message":"🚀 Starting QQ Bot...","module":"main","timestamp":"2025-09-02T14:31:30.865Z"}
{"level":"info","message":"✅ Database connected","module":"main","timestamp":"2025-09-02T14:31:30.889Z"}
{"level":"info","message":"✅ HTTP server started","module":"main","timestamp":"2025-09-02T14:31:30.890Z"}
{"level":"info","message":"✅ WebSocket client connected","module":"main","timestamp":"2025-09-02T14:31:30.893Z"}
{"level":"info","message":"WebSocket connected","module":"main","timestamp":"2025-09-02T14:31:30.899Z"}
{"level":"info","message":"🎉 QQ Bot started successfully!","module":"main","timestamp":"2025-09-02T14:31:30.905Z"}
{"extra":{"userId":85178516},"level":"info","message":"Startup notification sent to authorized user","module":"main","timestamp":"2025-09-02T14:31:31.922Z"}
{"level":"info","message":"🛑 Stopping QQ Bot...","module":"main","timestamp":"2025-09-02T14:32:48.375Z"}
{"level":"info","message":"✅ QQ Bot stopped successfully","module":"main","timestamp":"2025-09-02T14:32:48.382Z"}
{"level":"info","message":"🚀 Starting QQ Bot...","module":"main","timestamp":"2025-09-02T14:33:08.092Z"}
{"level":"info","message":"✅ Database connected","module":"main","timestamp":"2025-09-02T14:33:08.113Z"}
{"level":"info","message":"✅ HTTP server started","module":"main","timestamp":"2025-09-02T14:33:08.115Z"}
{"level":"info","message":"✅ WebSocket client connected","module":"main","timestamp":"2025-09-02T14:33:08.117Z"}
{"level":"info","message":"WebSocket connected","module":"main","timestamp":"2025-09-02T14:33:08.124Z"}
{"level":"info","message":"🎉 QQ Bot started successfully!","module":"main","timestamp":"2025-09-02T14:33:08.129Z"}
{"extra":{"userId":85178516},"level":"info","message":"Startup notification sent to authorized user","module":"main","timestamp":"2025-09-02T14:33:09.146Z"}
{"level":"info","message":"🛑 Stopping QQ Bot...","module":"main","timestamp":"2025-09-02T14:34:07.429Z"}
{"level":"info","message":"✅ QQ Bot stopped successfully","module":"main","timestamp":"2025-09-02T14:34:07.437Z"}
{"level":"info","message":"🚀 Starting QQ Bot...","module":"main","timestamp":"2025-09-02T14:34:11.310Z"}
{"level":"info","message":"✅ Database connected","module":"main","timestamp":"2025-09-02T14:34:11.330Z"}
{"level":"info","message":"✅ HTTP server started","module":"main","timestamp":"2025-09-02T14:34:11.332Z"}
{"level":"info","message":"✅ WebSocket client connected","module":"main","timestamp":"2025-09-02T14:34:11.334Z"}
{"level":"info","message":"WebSocket connected","module":"main","timestamp":"2025-09-02T14:34:11.342Z"}
{"level":"info","message":"🎉 QQ Bot started successfully!","module":"main","timestamp":"2025-09-02T14:34:11.346Z"}
{"extra":{"userId":85178516},"level":"info","message":"Startup notification sent to authorized user","module":"main","timestamp":"2025-09-02T14:34:12.362Z"}
{"level":"info","message":"🛑 Stopping QQ Bot...","module":"main","timestamp":"2025-09-02T14:34:39.164Z"}
{"level":"info","message":"✅ QQ Bot stopped successfully","module":"main","timestamp":"2025-09-02T14:34:39.171Z"}
{"level":"info","message":"🚀 Starting QQ Bot...","module":"main","timestamp":"2025-09-02T14:34:43.089Z"}
{"level":"info","message":"✅ Database connected","module":"main","timestamp":"2025-09-02T14:34:43.115Z"}
{"level":"info","message":"✅ HTTP server started","module":"main","timestamp":"2025-09-02T14:34:43.117Z"}
{"level":"info","message":"✅ WebSocket client connected","module":"main","timestamp":"2025-09-02T14:34:43.120Z"}
{"level":"info","message":"WebSocket connected","module":"main","timestamp":"2025-09-02T14:34:43.126Z"}
{"level":"info","message":"🎉 QQ Bot started successfully!","module":"main","timestamp":"2025-09-02T14:34:43.132Z"}
{"extra":{"userId":85178516},"level":"info","message":"Startup notification sent to authorized user","module":"main","timestamp":"2025-09-02T14:34:44.150Z"}
{"level":"info","message":"🛑 Stopping QQ Bot...","module":"main","timestamp":"2025-09-02T14:35:21.627Z"}
{"level":"info","message":"✅ QQ Bot stopped successfully","module":"main","timestamp":"2025-09-02T14:35:21.636Z"}
{"level":"info","message":"🚀 Starting QQ Bot...","module":"main","timestamp":"2025-09-02T14:35:25.635Z"}
{"level":"info","message":"✅ Database connected","module":"main","timestamp":"2025-09-02T14:35:25.656Z"}
{"level":"info","message":"✅ HTTP server started","module":"main","timestamp":"2025-09-02T14:35:25.658Z"}
{"level":"info","message":"✅ WebSocket client connected","module":"main","timestamp":"2025-09-02T14:35:25.661Z"}
{"level":"info","message":"WebSocket connected","module":"main","timestamp":"2025-09-02T14:35:25.668Z"}
{"level":"info","message":"🎉 QQ Bot started successfully!","module":"main","timestamp":"2025-09-02T14:35:25.673Z"}
{"extra":{"userId":85178516},"level":"info","message":"Startup notification sent to authorized user","module":"main","timestamp":"2025-09-02T14:35:26.690Z"}
{"level":"info","message":"🛑 Stopping QQ Bot...","module":"main","timestamp":"2025-09-02T14:35:45.013Z"}
{"level":"info","message":"✅ QQ Bot stopped successfully","module":"main","timestamp":"2025-09-02T14:35:45.022Z"}
{"level":"info","message":"🚀 Starting QQ Bot...","module":"main","timestamp":"2025-09-02T14:35:48.861Z"}
{"level":"info","message":"✅ Database connected","module":"main","timestamp":"2025-09-02T14:35:48.880Z"}
{"level":"info","message":"✅ HTTP server started","module":"main","timestamp":"2025-09-02T14:35:48.882Z"}
{"level":"info","message":"✅ WebSocket client connected","module":"main","timestamp":"2025-09-02T14:35:48.885Z"}
{"level":"info","message":"WebSocket connected","module":"main","timestamp":"2025-09-02T14:35:48.893Z"}
{"level":"info","message":"🎉 QQ Bot started successfully!","module":"main","timestamp":"2025-09-02T14:35:48.897Z"}
{"extra":{"userId":85178516},"level":"info","message":"Startup notification sent to authorized user","module":"main","timestamp":"2025-09-02T14:35:49.913Z"}
{"level":"info","message":"🛑 Stopping QQ Bot...","module":"main","timestamp":"2025-09-02T14:36:29.407Z"}
{"level":"info","message":"✅ QQ Bot stopped successfully","module":"main","timestamp":"2025-09-02T14:36:29.414Z"}
{"level":"info","message":"🚀 Starting QQ Bot...","module":"main","timestamp":"2025-09-02T14:36:33.316Z"}
{"level":"info","message":"✅ Database connected","module":"main","timestamp":"2025-09-02T14:36:33.340Z"}
{"level":"info","message":"✅ HTTP server started","module":"main","timestamp":"2025-09-02T14:36:33.342Z"}
{"level":"info","message":"✅ WebSocket client connected","module":"main","timestamp":"2025-09-02T14:36:33.345Z"}
{"level":"info","message":"WebSocket connected","module":"main","timestamp":"2025-09-02T14:36:33.351Z"}
{"level":"info","message":"🎉 QQ Bot started successfully!","module":"main","timestamp":"2025-09-02T14:36:33.358Z"}
{"extra":{"userId":85178516},"level":"info","message":"Startup notification sent to authorized user","module":"main","timestamp":"2025-09-02T14:36:34.374Z"}
{"level":"info","message":"🛑 Stopping QQ Bot...","module":"main","timestamp":"2025-09-02T14:36:47.933Z"}
{"level":"info","message":"✅ QQ Bot stopped successfully","module":"main","timestamp":"2025-09-02T14:36:47.942Z"}
{"level":"info","message":"🚀 Starting QQ Bot...","module":"main","timestamp":"2025-09-02T14:36:51.785Z"}
{"level":"info","message":"✅ Database connected","module":"main","timestamp":"2025-09-02T14:36:51.809Z"}
{"level":"info","message":"✅ HTTP server started","module":"main","timestamp":"2025-09-02T14:36:51.811Z"}
{"level":"info","message":"✅ WebSocket client connected","module":"main","timestamp":"2025-09-02T14:36:51.814Z"}
{"level":"info","message":"WebSocket connected","module":"main","timestamp":"2025-09-02T14:36:51.821Z"}
{"level":"info","message":"🎉 QQ Bot started successfully!","module":"main","timestamp":"2025-09-02T14:36:51.827Z"}
{"extra":{"userId":85178516},"level":"info","message":"Startup notification sent to authorized user","module":"main","timestamp":"2025-09-02T14:36:52.842Z"}
{"level":"info","message":"🛑 Stopping QQ Bot...","module":"main","timestamp":"2025-09-02T14:38:59.431Z"}
{"level":"info","message":"✅ QQ Bot stopped successfully","module":"main","timestamp":"2025-09-02T14:38:59.438Z"}
{"level":"info","message":"🚀 Starting QQ Bot...","module":"main","timestamp":"2025-09-02T14:42:01.975Z"}
{"level":"info","message":"✅ Database connected","module":"main","timestamp":"2025-09-02T14:42:01.995Z"}
{"level":"info","message":"✅ HTTP server started","module":"main","timestamp":"2025-09-02T14:42:01.997Z"}
{"level":"info","message":"✅ WebSocket client connected","module":"main","timestamp":"2025-09-02T14:42:01.999Z"}
{"level":"info","message":"WebSocket connected","module":"main","timestamp":"2025-09-02T14:42:02.005Z"}
{"level":"info","message":"🎉 QQ Bot started successfully!","module":"main","timestamp":"2025-09-02T14:42:02.014Z"}
{"extra":{"userId":85178516},"level":"info","message":"Startup notification sent to authorized user","module":"main","timestamp":"2025-09-02T14:42:03.029Z"}
{"extra":{"message":"hello","user_id":85178516},"level":"info","message":"Received private message","module":"main","timestamp":"2025-09-02T14:42:29.140Z"}
{"extra":{"sessionId":"session_85178516_1197542029","sessionType":"chat","userId":85178516},"level":"info","message":"Session processing result","module":"main","timestamp":"2025-09-02T14:42:29.150Z"}
{"extra":{"conversationId":"5fbbf2a0-12cc-4f7a-a249-20c716987279","responseTime":4601,"userId":85178516},"level":"info","message":"AI conversation completed","module":"main","timestamp":"2025-09-02T14:42:33.758Z"}
{"extra":{"message":"今天是什么日子","user_id":85178516},"level":"info","message":"Received private message","module":"main","timestamp":"2025-09-02T14:42:47.300Z"}
{"extra":{"sessionId":"session_85178516_1385741516","sessionType":"chat","userId":85178516},"level":"info","message":"Session processing result","module":"main","timestamp":"2025-09-02T14:42:47.306Z"}
{"extra":{"conversationId":"0484933c-302d-471a-98d3-442bdfac9c05","responseTime":3275,"userId":85178516},"level":"info","message":"AI conversation completed","module":"main","timestamp":"2025-09-02T14:42:50.587Z"}
{"extra":{"message":"你知道永劫无间这款游戏么","user_id":85178516},"level":"info","message":"Received private message","module":"main","timestamp":"2025-09-02T14:43:11.387Z"}
{"extra":{"sessionId":"session_85178516_689639414","sessionType":"chat","userId":85178516},"level":"info","message":"Session processing result","module":"main","timestamp":"2025-09-02T14:43:11.393Z"}
{"extra":{"conversationId":"d205cffc-fa1d-4ead-8dda-3dc419925490","responseTime":4664,"userId":85178516},"level":"info","message":"AI conversation completed","module":"main","timestamp":"2025-09-02T14:43:16.062Z"}
{"level":"info","message":"🛑 Stopping QQ Bot...","module":"main","timestamp":"2025-09-02T14:46:23.435Z"}
{"level":"info","message":"✅ QQ Bot stopped successfully","module":"main","timestamp":"2025-09-02T14:46:23.443Z"}
{"level":"info","message":"🚀 Starting QQ Bot...","module":"main","timestamp":"2025-09-02T14:50:51.454Z"}
{"extra":{"error":{}},"level":"error","message":"❌ Failed to start QQ Bot","module":"main","timestamp":"2025-09-02T14:50:51.479Z"}
{"level":"info","message":"🚀 Starting QQ Bot...","module":"main","timestamp":"2025-09-02T14:51:05.937Z"}
{"extra":{"error":{}},"level":"error","message":"❌ Failed to start QQ Bot","module":"main","timestamp":"2025-09-02T14:51:05.964Z"}
{"level":"info","message":"🚀 Starting QQ Bot...","module":"main","timestamp":"2025-09-02T14:51:23.893Z"}
{"level":"info","message":"✅ Database connected","module":"main","timestamp":"2025-09-02T14:51:23.927Z"}
{"level":"info","message":"✅ HTTP server started","module":"main","timestamp":"2025-09-02T14:51:23.928Z"}
{"level":"info","message":"✅ WebSocket client connected","module":"main","timestamp":"2025-09-02T14:51:23.931Z"}
{"level":"info","message":"WebSocket connected","module":"main","timestamp":"2025-09-02T14:51:23.938Z"}
{"level":"info","message":"🎉 QQ Bot started successfully!","module":"main","timestamp":"2025-09-02T14:51:23.950Z"}
{"extra":{"userId":85178516},"level":"info","message":"Startup notification sent to authorized user","module":"main","timestamp":"2025-09-02T14:51:24.974Z"}
{"level":"info","message":"🛑 Stopping QQ Bot...","module":"main","timestamp":"2025-09-02T14:51:44.617Z"}
{"level":"info","message":"✅ QQ Bot stopped successfully","module":"main","timestamp":"2025-09-02T14:51:44.627Z"}
{"level":"info","message":"🚀 Starting QQ Bot...","module":"main","timestamp":"2025-09-02T14:51:48.486Z"}
{"level":"info","message":"✅ Database connected","module":"main","timestamp":"2025-09-02T14:51:48.514Z"}
{"level":"info","message":"✅ HTTP server started","module":"main","timestamp":"2025-09-02T14:51:48.515Z"}
{"level":"info","message":"✅ WebSocket client connected","module":"main","timestamp":"2025-09-02T14:51:48.517Z"}
{"level":"info","message":"WebSocket connected","module":"main","timestamp":"2025-09-02T14:51:48.523Z"}
{"level":"info","message":"🎉 QQ Bot started successfully!","module":"main","timestamp":"2025-09-02T14:51:48.536Z"}
{"extra":{"userId":85178516},"level":"info","message":"Startup notification sent to authorized user","module":"main","timestamp":"2025-09-02T14:51:49.556Z"}
{"level":"info","message":"🛑 Stopping QQ Bot...","module":"main","timestamp":"2025-09-02T14:51:59.361Z"}
{"level":"info","message":"✅ QQ Bot stopped successfully","module":"main","timestamp":"2025-09-02T14:51:59.370Z"}
{"level":"info","message":"🚀 Starting QQ Bot...","module":"main","timestamp":"2025-09-02T14:52:03.306Z"}
{"level":"info","message":"✅ Database connected","module":"main","timestamp":"2025-09-02T14:52:03.334Z"}
{"level":"info","message":"✅ HTTP server started","module":"main","timestamp":"2025-09-02T14:52:03.336Z"}
{"level":"info","message":"✅ WebSocket client connected","module":"main","timestamp":"2025-09-02T14:52:03.339Z"}
{"level":"info","message":"WebSocket connected","module":"main","timestamp":"2025-09-02T14:52:03.345Z"}
{"level":"info","message":"🎉 QQ Bot started successfully!","module":"main","timestamp":"2025-09-02T14:52:03.357Z"}
{"extra":{"userId":85178516},"level":"info","message":"Startup notification sent to authorized user","module":"main","timestamp":"2025-09-02T14:52:04.379Z"}
{"level":"info","message":"🛑 Stopping QQ Bot...","module":"main","timestamp":"2025-09-02T14:59:38.492Z"}
{"level":"info","message":"✅ QQ Bot stopped successfully","module":"main","timestamp":"2025-09-02T14:59:38.506Z"}
{"level":"info","message":"🚀 Starting QQ Bot...","module":"main","timestamp":"2025-09-02T14:59:42.496Z"}
{"level":"info","message":"✅ Database connected","module":"main","timestamp":"2025-09-02T14:59:42.526Z"}
{"level":"info","message":"✅ HTTP server started","module":"main","timestamp":"2025-09-02T14:59:42.528Z"}
{"level":"info","message":"✅ WebSocket client connected","module":"main","timestamp":"2025-09-02T14:59:42.531Z"}
{"level":"info","message":"WebSocket connected","module":"main","timestamp":"2025-09-02T14:59:42.536Z"}
{"level":"info","message":"🎉 QQ Bot started successfully!","module":"main","timestamp":"2025-09-02T14:59:42.549Z"}
{"extra":{"userId":85178516},"level":"info","message":"Startup notification sent to authorized user","module":"main","timestamp":"2025-09-02T14:59:43.569Z"}
{"level":"info","message":"🛑 Stopping QQ Bot...","module":"main","timestamp":"2025-09-02T15:00:13.127Z"}
{"level":"info","message":"✅ QQ Bot stopped successfully","module":"main","timestamp":"2025-09-02T15:00:13.137Z"}
{"level":"info","message":"🚀 Starting QQ Bot...","module":"main","timestamp":"2025-09-02T15:00:16.971Z"}
{"level":"info","message":"✅ Database connected","module":"main","timestamp":"2025-09-02T15:00:16.996Z"}
{"level":"info","message":"✅ HTTP server started","module":"main","timestamp":"2025-09-02T15:00:16.997Z"}
{"level":"info","message":"✅ WebSocket client connected","module":"main","timestamp":"2025-09-02T15:00:17.000Z"}
{"level":"info","message":"WebSocket connected","module":"main","timestamp":"2025-09-02T15:00:17.008Z"}
{"level":"info","message":"🎉 QQ Bot started successfully!","module":"main","timestamp":"2025-09-02T15:00:17.020Z"}
{"extra":{"userId":85178516},"level":"info","message":"Startup notification sent to authorized user","module":"main","timestamp":"2025-09-02T15:00:18.043Z"}
{"level":"info","message":"🛑 Stopping QQ Bot...","module":"main","timestamp":"2025-09-02T15:02:03.742Z"}
{"level":"info","message":"✅ QQ Bot stopped successfully","module":"main","timestamp":"2025-09-02T15:02:03.752Z"}
{"level":"info","message":"🚀 Starting QQ Bot...","module":"main","timestamp":"2025-09-02T15:02:07.629Z"}
{"level":"info","message":"✅ Database connected","module":"main","timestamp":"2025-09-02T15:02:07.656Z"}
{"level":"info","message":"✅ HTTP server started","module":"main","timestamp":"2025-09-02T15:02:07.658Z"}
{"level":"info","message":"✅ WebSocket client connected","module":"main","timestamp":"2025-09-02T15:02:07.660Z"}
{"level":"info","message":"WebSocket connected","module":"main","timestamp":"2025-09-02T15:02:07.667Z"}
{"level":"info","message":"🎉 QQ Bot started successfully!","module":"main","timestamp":"2025-09-02T15:02:07.679Z"}
{"extra":{"userId":85178516},"level":"info","message":"Startup notification sent to authorized user","module":"main","timestamp":"2025-09-02T15:02:08.699Z"}
{"level":"info","message":"🛑 Stopping QQ Bot...","module":"main","timestamp":"2025-09-02T15:03:30.322Z"}
{"level":"info","message":"✅ QQ Bot stopped successfully","module":"main","timestamp":"2025-09-02T15:03:30.330Z"}
{"level":"info","message":"🚀 Starting QQ Bot...","module":"main","timestamp":"2025-09-02T15:03:34.233Z"}
{"level":"info","message":"✅ Database connected","module":"main","timestamp":"2025-09-02T15:03:34.263Z"}
{"level":"info","message":"✅ HTTP server started","module":"main","timestamp":"2025-09-02T15:03:34.265Z"}
{"level":"info","message":"✅ WebSocket client connected","module":"main","timestamp":"2025-09-02T15:03:34.267Z"}
{"level":"info","message":"WebSocket connected","module":"main","timestamp":"2025-09-02T15:03:34.273Z"}
{"level":"info","message":"🎉 QQ Bot started successfully!","module":"main","timestamp":"2025-09-02T15:03:34.285Z"}
{"extra":{"userId":85178516},"level":"info","message":"Startup notification sent to authorized user","module":"main","timestamp":"2025-09-02T15:03:35.305Z"}
{"level":"info","message":"🛑 Stopping QQ Bot...","module":"main","timestamp":"2025-09-02T15:04:15.982Z"}
{"level":"info","message":"✅ QQ Bot stopped successfully","module":"main","timestamp":"2025-09-02T15:04:15.991Z"}
{"level":"info","message":"🚀 Starting QQ Bot...","module":"main","timestamp":"2025-09-02T15:04:19.876Z"}
{"level":"info","message":"✅ Database connected","module":"main","timestamp":"2025-09-02T15:04:19.903Z"}
{"level":"info","message":"✅ HTTP server started","module":"main","timestamp":"2025-09-02T15:04:19.904Z"}
{"level":"info","message":"✅ WebSocket client connected","module":"main","timestamp":"2025-09-02T15:04:19.907Z"}
{"level":"info","message":"WebSocket connected","module":"main","timestamp":"2025-09-02T15:04:19.914Z"}
{"level":"info","message":"🎉 QQ Bot started successfully!","module":"main","timestamp":"2025-09-02T15:04:19.926Z"}
{"extra":{"userId":85178516},"level":"info","message":"Startup notification sent to authorized user","module":"main","timestamp":"2025-09-02T15:04:20.948Z"}
{"level":"info","message":"🛑 Stopping QQ Bot...","module":"main","timestamp":"2025-09-02T15:11:33.729Z"}
{"level":"info","message":"✅ QQ Bot stopped successfully","module":"main","timestamp":"2025-09-02T15:11:33.737Z"}
{"level":"info","message":"🚀 Starting QQ Bot...","module":"main","timestamp":"2025-09-02T15:11:37.638Z"}
{"level":"info","message":"✅ Database connected","module":"main","timestamp":"2025-09-02T15:11:37.664Z"}
{"level":"info","message":"✅ HTTP server started","module":"main","timestamp":"2025-09-02T15:11:37.665Z"}
{"level":"info","message":"✅ WebSocket client connected","module":"main","timestamp":"2025-09-02T15:11:37.668Z"}
{"level":"info","message":"WebSocket connected","module":"main","timestamp":"2025-09-02T15:11:37.673Z"}
{"level":"info","message":"🎉 QQ Bot started successfully!","module":"main","timestamp":"2025-09-02T15:11:37.683Z"}
{"extra":{"userId":85178516},"level":"info","message":"Startup notification sent to authorized user","module":"main","timestamp":"2025-09-02T15:11:38.703Z"}
{"level":"info","message":"🛑 Stopping QQ Bot...","module":"main","timestamp":"2025-09-02T15:18:14.649Z"}
{"level":"info","message":"✅ QQ Bot stopped successfully","module":"main","timestamp":"2025-09-02T15:18:14.660Z"}
{"level":"info","message":"🚀 Starting QQ Bot...","module":"main","timestamp":"2025-09-02T15:18:21.067Z"}
{"level":"info","message":"✅ Database connected","module":"main","timestamp":"2025-09-02T15:18:21.094Z"}
{"level":"info","message":"✅ HTTP server started","module":"main","timestamp":"2025-09-02T15:18:21.096Z"}
{"level":"info","message":"✅ WebSocket client connected","module":"main","timestamp":"2025-09-02T15:18:21.098Z"}
{"level":"info","message":"WebSocket connected","module":"main","timestamp":"2025-09-02T15:18:21.103Z"}
{"level":"info","message":"🎉 QQ Bot started successfully!","module":"main","timestamp":"2025-09-02T15:18:21.110Z"}
{"extra":{"userId":85178516},"level":"info","message":"Startup notification sent to authorized user","module":"main","timestamp":"2025-09-02T15:18:22.133Z"}
{"extra":{"message":"你觉得是什么组成了一个\n\"人类\", 人类是什么的集合","user_id":85178516},"level":"info","message":"Received private message","module":"main","timestamp":"2025-09-02T15:19:10.978Z"}
{"extra":{"sessionId":"session_85178516_140179745","sessionType":"chat","userId":85178516},"level":"info","message":"Session processing result","module":"main","timestamp":"2025-09-02T15:19:10.993Z"}
{"extra":{"conversationId":"6b64342d-9ad2-46ab-919c-c0a6fc6a6508","isGroupMessage":false,"responseTime":7178,"userId":85178516},"level":"info","message":"AI conversation completed","module":"main","timestamp":"2025-09-02T15:19:18.185Z"}
{"extra":{"message":"在这里 你说的社会关系什么意思","user_id":85178516},"level":"info","message":"Received private message","module":"main","timestamp":"2025-09-02T15:20:41.654Z"}
{"extra":{"sessionId":"session_85178516_950012216","sessionType":"chat","userId":85178516},"level":"info","message":"Session processing result","module":"main","timestamp":"2025-09-02T15:20:41.665Z"}
{"extra":{"conversationId":"c72c8b21-6a89-4266-8187-3fe10c5ac1f1","isGroupMessage":false,"responseTime":4239,"userId":85178516},"level":"info","message":"AI conversation completed","module":"main","timestamp":"2025-09-02T15:20:45.916Z"}
{"extra":{"message":"我之前问了你什么","user_id":85178516},"level":"info","message":"Received private message","module":"main","timestamp":"2025-09-02T15:22:25.918Z"}
{"extra":{"sessionId":"session_85178516_2065626653","sessionType":"chat","userId":85178516},"level":"info","message":"Session processing result","module":"main","timestamp":"2025-09-02T15:22:25.926Z"}
{"extra":{"conversationId":"d0fc3d05-0c89-4583-a22b-c785d25fc37a","isGroupMessage":false,"responseTime":4231,"userId":85178516},"level":"info","message":"AI conversation completed","module":"main","timestamp":"2025-09-02T15:22:30.165Z"}
