{"level":"info","message":"🚀 Starting QQ Bot...","module":"main","timestamp":"2025-09-01T12:56:51.663Z"}
{"level":"info","message":"✅ Database connected","module":"main","timestamp":"2025-09-01T12:56:51.849Z"}
{"level":"info","message":"🚀 Starting QQ Bot...","module":"main","timestamp":"2025-09-01T12:58:48.666Z"}
{"level":"info","message":"✅ Database connected","module":"main","timestamp":"2025-09-01T12:58:48.842Z"}
{"level":"info","message":"✅ HTTP server started","module":"main","timestamp":"2025-09-01T12:58:48.845Z"}
{"level":"info","message":"✅ WebSocket client connected","module":"main","timestamp":"2025-09-01T12:58:48.848Z"}
{"level":"info","message":"WebSocket connected","module":"main","timestamp":"2025-09-01T12:58:48.854Z"}
{"level":"info","message":"🎉 QQ Bot started successfully!","module":"main","timestamp":"2025-09-01T12:58:48.860Z"}
{"level":"info","message":"🛑 Stopping QQ Bot...","module":"main","timestamp":"2025-09-01T12:59:32.289Z"}
{"level":"info","message":"✅ QQ Bot stopped successfully","module":"main","timestamp":"2025-09-01T12:59:32.292Z"}
{"level":"info","message":"🚀 Starting QQ Bot...","module":"main","timestamp":"2025-09-01T13:13:20.220Z"}
{"level":"info","message":"✅ Database connected","module":"main","timestamp":"2025-09-01T13:13:20.400Z"}
{"level":"info","message":"✅ HTTP server started","module":"main","timestamp":"2025-09-01T13:13:20.403Z"}
{"level":"info","message":"✅ WebSocket client connected","module":"main","timestamp":"2025-09-01T13:13:20.406Z"}
{"level":"info","message":"🎉 QQ Bot started successfully!","module":"main","timestamp":"2025-09-01T13:13:20.413Z"}
{"level":"info","message":"WebSocket connected","module":"main","timestamp":"2025-09-01T13:13:20.416Z"}
{"extra":{"message":[{"data":{"text":"hello"},"type":"text"}],"user_id":85178516},"level":"info","message":"Received private message","module":"main","timestamp":"2025-09-01T13:13:50.458Z"}
{"extra":{"error":{},"message":{"font":14,"message":[{"data":{"text":"hello"},"type":"text"}],"message_format":"array","message_id":1787346535,"message_seq":1787346535,"message_type":"private","post_type":"message","raw":{"anonymousExtInfo":null,"atType":0,"avatarFlag":0,"avatarMeta":"","avatarPendant":"","categoryManage":0,"channelId":"","channelName":"","chatType":1,"clientIdentityInfo":null,"clientSeq":"14160","cntSeq":"0","commentCnt":"0","directMsgFlag":0,"directMsgMembers":[],"editable":false,"elements":[{"actionBarElement":null,"arkElement":null,"avRecordElement":null,"calendarElement":null,"elementGroupId":0,"elementId":"7545108291748034436","elementType":1,"extBufForUI":{},"faceBubbleElement":null,"faceElement":null,"fileElement":null,"forwardMsgElement":null,"giphyElement":null,"grayTipElement":null,"inlineKeyboardElement":null,"liveGiftElement":null,"markdownElement":null,"marketFaceElement":null,"multiForwardMsgElement":null,"picElement":null,"prologueMsgElement":null,"pttElement":null,"recommendedMsgElement":null,"replyElement":null,"shareLocationElement":null,"structLongMsgElement":null,"structMsgElement":null,"taskTopMsgElement":null,"textElement":{"atChannelId":"0","atNtUid":"","atRoleColor":0,"atRoleId":"0","atRoleName":"","atTinyId":"0","atType":0,"atUid":"0","content":"hello","linkInfo":null,"needNotify":0,"subElementType":0},"textGiftElement":null,"tofuRecordElement":null,"videoElement":null,"walletElement":null,"yoloGameResultElement":null}],"emojiLikesList":[],"extInfoForUI":null,"feedId":"","fileGroupSize":null,"foldingInfo":null,"freqLimitInfo":null,"fromAppid":"0","fromChannelRoleInfo":{"color":0,"name":"","roleId":"0"},"fromGuildRoleInfo":{"color":0,"name":"","roleId":"0"},"fromUid":"0","generalFlags":{},"guildCode":"0","guildId":"","guildName":"","id":1787346535,"isImportMsg":false,"isOnlineMsg":true,"levelRoleInfo":{"color":0,"name":"","roleId":"0"},"msgAttrs":{},"msgEventInfo":null,"msgId":"7545108291748034437","msgMeta":{},"msgRandom":"123403222","msgSeq":"252","msgTime":"1756732419","msgType":2,"multiTransInfo":null,"nameType":0,"peerName":"","peerUid":"u_vBaIZHZSGGD3AVyvM71iIQ","peerUin":"85178516","personalMedal":null,"recallTime":"0","records":[],"roleId":"0","roleType":0,"sendMemberName":"","sendNickName":"","sendRemarkName":"","sendStatus":2,"sendType":0,"senderUid":"u_vBaIZHZSGGD3AVyvM71iIQ","senderUin":"85178516","sourceType":1,"subMsgType":1,"timeStamp":"0"},"raw_message":"hello","real_id":1787346535,"real_seq":"252","self_id":1129974489,"sender":{"card":"","nickname":"李阿花","user_id":85178516},"sub_type":"friend","target_id":85178516,"time":1756732419,"user_id":85178516}},"level":"error","message":"Error handling private message","module":"main","timestamp":"2025-09-01T13:13:50.459Z"}
{"level":"info","message":"🛑 Stopping QQ Bot...","module":"main","timestamp":"2025-09-01T13:19:02.755Z"}
{"extra":{"code":1005,"reason":""},"level":"warn","message":"WebSocket disconnected","module":"main","timestamp":"2025-09-01T13:19:02.761Z"}
{"level":"info","message":"🛑 Stopping QQ Bot...","module":"main","timestamp":"2025-09-01T13:19:17.268Z"}
{"level":"info","message":"✅ QQ Bot stopped successfully","module":"main","timestamp":"2025-09-01T13:19:42.320Z"}
{"level":"info","message":"🚀 Starting QQ Bot...","module":"main","timestamp":"2025-09-01T13:20:52.155Z"}
{"level":"info","message":"✅ Database connected","module":"main","timestamp":"2025-09-01T13:20:52.313Z"}
{"level":"info","message":"✅ HTTP server started","module":"main","timestamp":"2025-09-01T13:20:52.316Z"}
{"level":"info","message":"✅ WebSocket client connected","module":"main","timestamp":"2025-09-01T13:20:52.319Z"}
{"level":"info","message":"WebSocket connected","module":"main","timestamp":"2025-09-01T13:20:52.323Z"}
{"level":"info","message":"🎉 QQ Bot started successfully!","module":"main","timestamp":"2025-09-01T13:20:52.326Z"}
{"extra":{"userId":85178516},"level":"info","message":"Startup notification sent to authorized user","module":"main","timestamp":"2025-09-01T13:20:53.349Z"}
{"level":"info","message":"🛑 Stopping QQ Bot...","module":"main","timestamp":"2025-09-01T13:23:20.185Z"}
{"extra":{"code":1005,"reason":""},"level":"warn","message":"WebSocket disconnected","module":"main","timestamp":"2025-09-01T13:23:20.192Z"}
{"extra":{"error":{}},"level":"error","message":"Failed to send connection status notification","module":"main","timestamp":"2025-09-01T13:23:20.193Z"}
{"level":"info","message":"🚀 Starting QQ Bot...","module":"main","timestamp":"2025-09-01T13:25:43.607Z"}
{"level":"info","message":"✅ Database connected","module":"main","timestamp":"2025-09-01T13:25:43.759Z"}
{"level":"info","message":"✅ HTTP server started","module":"main","timestamp":"2025-09-01T13:25:43.762Z"}
{"level":"info","message":"✅ WebSocket client connected","module":"main","timestamp":"2025-09-01T13:25:43.765Z"}
{"level":"info","message":"WebSocket connected","module":"main","timestamp":"2025-09-01T13:25:43.770Z"}
{"level":"info","message":"🎉 QQ Bot started successfully!","module":"main","timestamp":"2025-09-01T13:25:43.774Z"}
{"extra":{"userId":85178516},"level":"info","message":"Startup notification sent to authorized user","module":"main","timestamp":"2025-09-01T13:25:44.788Z"}
{"level":"info","message":"🚀 Starting QQ Bot...","module":"main","timestamp":"2025-09-01T13:30:14.394Z"}
{"level":"info","message":"✅ Database connected","module":"main","timestamp":"2025-09-01T13:30:14.426Z"}
{"level":"info","message":"🚀 Starting QQ Bot...","module":"main","timestamp":"2025-09-01T13:31:30.215Z"}
{"level":"info","message":"✅ Database connected","module":"main","timestamp":"2025-09-01T13:31:30.236Z"}
{"level":"info","message":"✅ HTTP server started","module":"main","timestamp":"2025-09-01T13:31:30.238Z"}
{"level":"info","message":"✅ WebSocket client connected","module":"main","timestamp":"2025-09-01T13:31:30.240Z"}
{"level":"info","message":"WebSocket connected","module":"main","timestamp":"2025-09-01T13:31:30.244Z"}
{"level":"info","message":"🎉 QQ Bot started successfully!","module":"main","timestamp":"2025-09-01T13:31:30.245Z"}
{"extra":{"userId":85178516},"level":"info","message":"Startup notification sent to authorized user","module":"main","timestamp":"2025-09-01T13:31:31.260Z"}
{"level":"info","message":"🚀 Starting QQ Bot...","module":"main","timestamp":"2025-09-01T13:31:53.309Z"}
{"level":"info","message":"✅ Database connected","module":"main","timestamp":"2025-09-01T13:31:53.333Z"}
{"level":"info","message":"🛑 Stopping QQ Bot...","module":"main","timestamp":"2025-09-01T13:32:26.178Z"}
{"level":"info","message":"✅ QQ Bot stopped successfully","module":"main","timestamp":"2025-09-01T13:32:26.182Z"}
{"level":"info","message":"🚀 Starting QQ Bot...","module":"main","timestamp":"2025-09-01T13:35:44.095Z"}
{"level":"info","message":"✅ Database connected","module":"main","timestamp":"2025-09-01T13:35:44.115Z"}
{"level":"info","message":"✅ HTTP server started","module":"main","timestamp":"2025-09-01T13:35:44.117Z"}
{"level":"info","message":"✅ WebSocket client connected","module":"main","timestamp":"2025-09-01T13:35:44.120Z"}
{"level":"info","message":"WebSocket connected","module":"main","timestamp":"2025-09-01T13:35:44.123Z"}
{"level":"info","message":"🎉 QQ Bot started successfully!","module":"main","timestamp":"2025-09-01T13:35:44.126Z"}
{"extra":{"userId":85178516},"level":"info","message":"Startup notification sent to authorized user","module":"main","timestamp":"2025-09-01T13:35:45.137Z"}
{"level":"info","message":"🛑 Stopping QQ Bot...","module":"main","timestamp":"2025-09-01T13:38:16.823Z"}
{"extra":{"code":1005,"reason":""},"level":"warn","message":"WebSocket disconnected","module":"main","timestamp":"2025-09-01T13:38:16.831Z"}
{"extra":{"error":{}},"level":"error","message":"Failed to send connection status notification","module":"main","timestamp":"2025-09-01T13:38:16.832Z"}
{"level":"info","message":"🛑 Stopping QQ Bot...","module":"main","timestamp":"2025-09-01T13:38:48.439Z"}
{"level":"info","message":"🚀 Starting QQ Bot...","module":"main","timestamp":"2025-09-01T13:38:50.700Z"}
{"level":"info","message":"✅ Database connected","module":"main","timestamp":"2025-09-01T13:38:50.723Z"}
{"level":"info","message":"✅ HTTP server started","module":"main","timestamp":"2025-09-01T13:38:50.726Z"}
{"level":"info","message":"✅ WebSocket client connected","module":"main","timestamp":"2025-09-01T13:38:50.729Z"}
{"level":"info","message":"WebSocket connected","module":"main","timestamp":"2025-09-01T13:38:50.733Z"}
{"level":"info","message":"🎉 QQ Bot started successfully!","module":"main","timestamp":"2025-09-01T13:38:50.735Z"}
{"extra":{"userId":85178516},"level":"info","message":"Startup notification sent to authorized user","module":"main","timestamp":"2025-09-01T13:38:51.748Z"}
{"level":"info","message":"✅ QQ Bot stopped successfully","module":"main","timestamp":"2025-09-01T13:39:37.301Z"}
{"level":"info","message":"🛑 Stopping QQ Bot...","module":"main","timestamp":"2025-09-01T15:29:27.105Z"}
{"extra":{"code":1005,"reason":""},"level":"warn","message":"WebSocket disconnected","module":"main","timestamp":"2025-09-01T15:29:27.121Z"}
{"extra":{"error":{}},"level":"error","message":"Failed to send connection status notification","module":"main","timestamp":"2025-09-01T15:29:27.122Z"}
{"level":"info","message":"🚀 Starting QQ Bot...","module":"main","timestamp":"2025-09-01T15:29:27.548Z"}
{"level":"info","message":"✅ Database connected","module":"main","timestamp":"2025-09-01T15:29:27.571Z"}
{"level":"info","message":"✅ HTTP server started","module":"main","timestamp":"2025-09-01T15:29:27.572Z"}
{"level":"info","message":"✅ WebSocket client connected","module":"main","timestamp":"2025-09-01T15:29:27.575Z"}
{"level":"info","message":"🎉 QQ Bot started successfully!","module":"main","timestamp":"2025-09-01T15:29:27.580Z"}
{"level":"info","message":"WebSocket connected","module":"main","timestamp":"2025-09-01T15:29:27.583Z"}
{"extra":{"userId":85178516},"level":"info","message":"Startup notification sent to authorized user","module":"main","timestamp":"2025-09-01T15:29:28.592Z"}
{"level":"info","message":"✅ QQ Bot stopped successfully","module":"main","timestamp":"2025-09-01T15:29:42.309Z"}
{"level":"info","message":"🛑 Stopping QQ Bot...","module":"main","timestamp":"2025-09-01T15:31:44.454Z"}
{"extra":{"code":1005,"reason":""},"level":"warn","message":"WebSocket disconnected","module":"main","timestamp":"2025-09-01T15:31:44.460Z"}
{"extra":{"error":{}},"level":"error","message":"Failed to send connection status notification","module":"main","timestamp":"2025-09-01T15:31:44.460Z"}
{"level":"info","message":"🚀 Starting QQ Bot...","module":"main","timestamp":"2025-09-01T15:31:44.948Z"}
{"level":"info","message":"✅ Database connected","module":"main","timestamp":"2025-09-01T15:31:44.973Z"}
{"level":"info","message":"✅ HTTP server started","module":"main","timestamp":"2025-09-01T15:31:44.975Z"}
{"level":"info","message":"✅ WebSocket client connected","module":"main","timestamp":"2025-09-01T15:31:44.978Z"}
{"level":"info","message":"WebSocket connected","module":"main","timestamp":"2025-09-01T15:31:44.983Z"}
{"level":"info","message":"🎉 QQ Bot started successfully!","module":"main","timestamp":"2025-09-01T15:31:44.984Z"}
{"extra":{"userId":85178516},"level":"info","message":"Startup notification sent to authorized user","module":"main","timestamp":"2025-09-01T15:31:45.996Z"}
{"level":"info","message":"✅ QQ Bot stopped successfully","module":"main","timestamp":"2025-09-01T15:32:42.320Z"}
{"level":"info","message":"🛑 Stopping QQ Bot...","module":"main","timestamp":"2025-09-01T15:35:07.767Z"}
{"extra":{"code":1005,"reason":""},"level":"warn","message":"WebSocket disconnected","module":"main","timestamp":"2025-09-01T15:35:07.774Z"}
{"extra":{"error":{}},"level":"error","message":"Failed to send connection status notification","module":"main","timestamp":"2025-09-01T15:35:07.775Z"}
{"level":"info","message":"🛑 Stopping QQ Bot...","module":"main","timestamp":"2025-09-01T15:35:41.167Z"}
{"level":"info","message":"🚀 Starting QQ Bot...","module":"main","timestamp":"2025-09-01T15:35:41.670Z"}
{"level":"info","message":"✅ Database connected","module":"main","timestamp":"2025-09-01T15:35:41.694Z"}
{"level":"info","message":"✅ HTTP server started","module":"main","timestamp":"2025-09-01T15:35:41.696Z"}
{"level":"info","message":"✅ WebSocket client connected","module":"main","timestamp":"2025-09-01T15:35:41.698Z"}
{"level":"info","message":"WebSocket connected","module":"main","timestamp":"2025-09-01T15:35:41.703Z"}
{"level":"info","message":"🎉 QQ Bot started successfully!","module":"main","timestamp":"2025-09-01T15:35:41.704Z"}
{"level":"info","message":"✅ QQ Bot stopped successfully","module":"main","timestamp":"2025-09-01T15:35:42.314Z"}
{"extra":{"userId":85178516},"level":"info","message":"Startup notification sent to authorized user","module":"main","timestamp":"2025-09-01T15:35:42.716Z"}
{"extra":{"message":[{"data":{"text":"hello"},"type":"text"}],"user_id":85178516},"level":"info","message":"Received private message","module":"main","timestamp":"2025-09-01T16:23:21.599Z"}
{"level":"info","message":"🚀 Starting QQ Bot...","module":"main","timestamp":"2025-09-01T16:24:21.867Z"}
{"level":"info","message":"✅ Database connected","module":"main","timestamp":"2025-09-01T16:24:21.900Z"}
{"level":"info","message":"✅ HTTP server started","module":"main","timestamp":"2025-09-01T16:24:21.902Z"}
{"level":"info","message":"✅ WebSocket client connected","module":"main","timestamp":"2025-09-01T16:24:21.904Z"}
{"level":"info","message":"WebSocket connected","module":"main","timestamp":"2025-09-01T16:24:21.910Z"}
{"level":"info","message":"🎉 QQ Bot started successfully!","module":"main","timestamp":"2025-09-01T16:24:21.911Z"}
{"extra":{"userId":85178516},"level":"info","message":"Startup notification sent to authorized user","module":"main","timestamp":"2025-09-01T16:24:22.924Z"}
{"extra":{"message":[{"data":{"text":"hello"},"type":"text"}],"user_id":85178516},"level":"info","message":"Received private message","module":"main","timestamp":"2025-09-01T16:24:57.418Z"}
{"level":"info","message":"🚀 Starting QQ Bot...","module":"main","timestamp":"2025-09-01T16:36:28.106Z"}
{"level":"info","message":"✅ Database connected","module":"main","timestamp":"2025-09-01T16:36:28.128Z"}
{"level":"info","message":"✅ HTTP server started","module":"main","timestamp":"2025-09-01T16:36:28.130Z"}
{"level":"info","message":"✅ WebSocket client connected","module":"main","timestamp":"2025-09-01T16:36:28.133Z"}
{"level":"info","message":"WebSocket connected","module":"main","timestamp":"2025-09-01T16:36:28.138Z"}
{"level":"info","message":"🎉 QQ Bot started successfully!","module":"main","timestamp":"2025-09-01T16:36:28.139Z"}
{"extra":{"userId":85178516},"level":"info","message":"Startup notification sent to authorized user","module":"main","timestamp":"2025-09-01T16:36:29.153Z"}
{"level":"info","message":"🚀 Starting QQ Bot...","module":"main","timestamp":"2025-09-01T16:36:38.503Z"}
{"level":"info","message":"✅ Database connected","module":"main","timestamp":"2025-09-01T16:36:38.530Z"}
{"level":"info","message":"✅ HTTP server started","module":"main","timestamp":"2025-09-01T16:36:38.532Z"}
{"level":"info","message":"✅ WebSocket client connected","module":"main","timestamp":"2025-09-01T16:36:38.534Z"}
{"level":"info","message":"WebSocket connected","module":"main","timestamp":"2025-09-01T16:36:38.540Z"}
{"level":"info","message":"🎉 QQ Bot started successfully!","module":"main","timestamp":"2025-09-01T16:36:38.541Z"}
{"extra":{"userId":85178516},"level":"info","message":"Startup notification sent to authorized user","module":"main","timestamp":"2025-09-01T16:36:39.553Z"}
{"extra":{"message":[{"data":{"text":"hello"},"type":"text"}],"user_id":85178516},"level":"info","message":"Received private message","module":"main","timestamp":"2025-09-01T16:37:27.837Z"}
{"level":"info","message":"🚀 Starting QQ Bot...","module":"main","timestamp":"2025-09-01T16:39:33.556Z"}
{"level":"info","message":"✅ Database connected","module":"main","timestamp":"2025-09-01T16:39:33.579Z"}
{"level":"info","message":"✅ HTTP server started","module":"main","timestamp":"2025-09-01T16:39:33.582Z"}
{"level":"info","message":"✅ WebSocket client connected","module":"main","timestamp":"2025-09-01T16:39:33.585Z"}
{"level":"info","message":"WebSocket connected","module":"main","timestamp":"2025-09-01T16:39:33.590Z"}
{"level":"info","message":"🎉 QQ Bot started successfully!","module":"main","timestamp":"2025-09-01T16:39:33.591Z"}
{"extra":{"userId":85178516},"level":"info","message":"Startup notification sent to authorized user","module":"main","timestamp":"2025-09-01T16:39:34.604Z"}
{"extra":{"error":{"code":"EPIPE","errno":-32,"syscall":"write"}},"level":"error","message":"Uncaught Exception","module":"main","timestamp":"2025-09-01T16:40:17.605Z"}
{"level":"info","message":"🚀 Starting QQ Bot...","module":"main","timestamp":"2025-09-01T16:45:11.544Z"}
{"level":"info","message":"✅ Database connected","module":"main","timestamp":"2025-09-01T16:45:11.568Z"}
{"level":"info","message":"✅ HTTP server started","module":"main","timestamp":"2025-09-01T16:45:11.570Z"}
{"level":"info","message":"✅ WebSocket client connected","module":"main","timestamp":"2025-09-01T16:45:11.573Z"}
{"level":"info","message":"WebSocket connected","module":"main","timestamp":"2025-09-01T16:45:11.579Z"}
{"level":"info","message":"🎉 QQ Bot started successfully!","module":"main","timestamp":"2025-09-01T16:45:11.580Z"}
{"extra":{"userId":85178516},"level":"info","message":"Startup notification sent to authorized user","module":"main","timestamp":"2025-09-01T16:45:12.592Z"}
{"extra":{"message":[{"data":{"text":"hello"},"type":"text"}],"user_id":85178516},"level":"info","message":"Received private message","module":"main","timestamp":"2025-09-01T16:53:16.708Z"}
{"extra":{"promise":"Promise","reason":{"message":"message.message?.substring is not a function","name":"TypeError","stack":"TypeError: message.message?.substring is not a function\n    at QQBot.handlePrivateMessage (/home/liahua/IdeaProject/qq_bot/dist/index.js:107:50)\n    at WebSocketClient.emit (node:events:517:28)\n    at WebSocketClient.handleQQMessage (/home/liahua/IdeaProject/qq_bot/dist/services/websocket-client.js:78:18)\n    at WebSocketClient.handleMessage (/home/liahua/IdeaProject/qq_bot/dist/services/websocket-client.js:56:26)\n    at WebSocket.emit (node:events:517:28)\n    at Receiver.receiverOnMessage (/home/liahua/IdeaProject/qq_bot/node_modules/ws/lib/websocket.js:1220:20)\n    at Receiver.emit (node:events:517:28)\n    at Receiver.dataMessage (/home/liahua/IdeaProject/qq_bot/node_modules/ws/lib/receiver.js:596:14)\n    at Receiver.getData (/home/liahua/IdeaProject/qq_bot/node_modules/ws/lib/receiver.js:496:10)\n    at Receiver.startLoop (/home/liahua/IdeaProject/qq_bot/node_modules/ws/lib/receiver.js:167:16)"}},"level":"error","message":"Unhandled Rejection","module":"main","timestamp":"2025-09-01T16:53:16.708Z"}
{"level":"info","message":"🛑 Stopping QQ Bot...","module":"main","timestamp":"2025-09-01T17:22:08.215Z"}
{"level":"info","message":"✅ QQ Bot stopped successfully","module":"main","timestamp":"2025-09-01T17:22:08.219Z"}
{"level":"info","message":"🚀 Starting QQ Bot...","module":"main","timestamp":"2025-09-01T17:22:12.217Z"}
{"level":"info","message":"✅ Database connected","module":"main","timestamp":"2025-09-01T17:22:12.244Z"}
{"level":"info","message":"✅ HTTP server started","module":"main","timestamp":"2025-09-01T17:22:12.245Z"}
{"level":"info","message":"✅ WebSocket client connected","module":"main","timestamp":"2025-09-01T17:22:12.248Z"}
{"level":"info","message":"WebSocket connected","module":"main","timestamp":"2025-09-01T17:22:12.257Z"}
{"level":"info","message":"🎉 QQ Bot started successfully!","module":"main","timestamp":"2025-09-01T17:22:12.259Z"}
{"extra":{"userId":85178516},"level":"info","message":"Startup notification sent to authorized user","module":"main","timestamp":"2025-09-01T17:22:13.273Z"}
{"extra":{"message":[{"data":{"text":"hello"},"type":"text"}],"user_id":85178516},"level":"info","message":"Received private message","module":"main","timestamp":"2025-09-01T17:26:06.748Z"}
{"extra":{"promise":"Promise","reason":{"message":"message.message?.substring is not a function","name":"TypeError","stack":"TypeError: message.message?.substring is not a function\n    at QQBot.handlePrivateMessage (/home/liahua/IdeaProject/qq_bot/dist/index.js:107:50)\n    at WebSocketClient.emit (node:events:517:28)\n    at WebSocketClient.handleQQMessage (/home/liahua/IdeaProject/qq_bot/dist/services/websocket-client.js:78:18)\n    at WebSocketClient.handleMessage (/home/liahua/IdeaProject/qq_bot/dist/services/websocket-client.js:56:26)\n    at WebSocket.emit (node:events:517:28)\n    at Receiver.receiverOnMessage (/home/liahua/IdeaProject/qq_bot/node_modules/ws/lib/websocket.js:1220:20)\n    at Receiver.emit (node:events:517:28)\n    at Receiver.dataMessage (/home/liahua/IdeaProject/qq_bot/node_modules/ws/lib/receiver.js:596:14)\n    at Receiver.getData (/home/liahua/IdeaProject/qq_bot/node_modules/ws/lib/receiver.js:496:10)\n    at Receiver.startLoop (/home/liahua/IdeaProject/qq_bot/node_modules/ws/lib/receiver.js:167:16)"}},"level":"error","message":"Unhandled Rejection","module":"main","timestamp":"2025-09-01T17:26:06.749Z"}
{"level":"info","message":"🛑 Stopping QQ Bot...","module":"main","timestamp":"2025-09-01T17:27:44.080Z"}
{"extra":{"code":1005,"reason":""},"level":"warn","message":"WebSocket disconnected","module":"main","timestamp":"2025-09-01T17:27:44.086Z"}
{"extra":{"error":{}},"level":"error","message":"Failed to send connection status notification","module":"main","timestamp":"2025-09-01T17:27:44.087Z"}
{"level":"info","message":"🚀 Starting QQ Bot...","module":"main","timestamp":"2025-09-01T17:27:48.387Z"}
{"level":"info","message":"✅ Database connected","module":"main","timestamp":"2025-09-01T17:27:48.416Z"}
{"level":"info","message":"✅ HTTP server started","module":"main","timestamp":"2025-09-01T17:27:48.418Z"}
{"level":"info","message":"✅ WebSocket client connected","module":"main","timestamp":"2025-09-01T17:27:48.421Z"}
{"level":"info","message":"🎉 QQ Bot started successfully!","module":"main","timestamp":"2025-09-01T17:27:48.428Z"}
{"level":"info","message":"WebSocket connected","module":"main","timestamp":"2025-09-01T17:27:48.429Z"}
{"extra":{"userId":85178516},"level":"info","message":"Startup notification sent to authorized user","module":"main","timestamp":"2025-09-01T17:27:49.441Z"}
{"level":"info","message":"✅ QQ Bot stopped successfully","module":"main","timestamp":"2025-09-01T17:28:43.892Z"}
{"extra":{"message":"hello","user_id":85178516},"level":"info","message":"Received private message","module":"main","timestamp":"2025-09-01T17:28:56.731Z"}
{"extra":{"conversationId":"028b417a-a235-47cb-95bd-a27b78eda105","responseTime":2819,"userId":85178516},"level":"info","message":"AI conversation completed","module":"main","timestamp":"2025-09-01T17:29:00.922Z"}
{"level":"info","message":"🛑 Stopping QQ Bot...","module":"main","timestamp":"2025-09-01T17:31:35.285Z"}
{"level":"info","message":"✅ QQ Bot stopped successfully","module":"main","timestamp":"2025-09-01T17:31:35.288Z"}
{"level":"info","message":"🚀 Starting QQ Bot...","module":"main","timestamp":"2025-09-01T17:34:12.363Z"}
{"level":"info","message":"✅ Database connected","module":"main","timestamp":"2025-09-01T17:34:12.394Z"}
{"level":"info","message":"✅ HTTP server started","module":"main","timestamp":"2025-09-01T17:34:12.396Z"}
{"level":"info","message":"✅ WebSocket client connected","module":"main","timestamp":"2025-09-01T17:34:12.399Z"}
{"level":"info","message":"WebSocket connected","module":"main","timestamp":"2025-09-01T17:34:12.406Z"}
{"level":"info","message":"🎉 QQ Bot started successfully!","module":"main","timestamp":"2025-09-01T17:34:12.408Z"}
{"extra":{"userId":85178516},"level":"info","message":"Startup notification sent to authorized user","module":"main","timestamp":"2025-09-01T17:34:13.421Z"}
{"level":"info","message":"🛑 Stopping QQ Bot...","module":"main","timestamp":"2025-09-01T17:34:42.409Z"}
{"extra":{"code":1005,"reason":""},"level":"warn","message":"WebSocket disconnected","module":"main","timestamp":"2025-09-01T17:34:42.413Z"}
{"extra":{"error":{}},"level":"error","message":"Failed to send connection status notification","module":"main","timestamp":"2025-09-01T17:34:42.414Z"}
{"level":"info","message":"🛑 Stopping QQ Bot...","module":"main","timestamp":"2025-09-01T17:35:19.803Z"}
{"level":"info","message":"🚀 Starting QQ Bot...","module":"main","timestamp":"2025-09-01T17:35:23.563Z"}
{"level":"info","message":"✅ Database connected","module":"main","timestamp":"2025-09-01T17:35:23.584Z"}
{"level":"info","message":"✅ HTTP server started","module":"main","timestamp":"2025-09-01T17:35:23.586Z"}
{"level":"info","message":"✅ WebSocket client connected","module":"main","timestamp":"2025-09-01T17:35:23.588Z"}
{"level":"info","message":"WebSocket connected","module":"main","timestamp":"2025-09-01T17:35:23.593Z"}
{"level":"info","message":"🎉 QQ Bot started successfully!","module":"main","timestamp":"2025-09-01T17:35:23.595Z"}
{"extra":{"userId":85178516},"level":"info","message":"Startup notification sent to authorized user","module":"main","timestamp":"2025-09-01T17:35:24.608Z"}
{"level":"info","message":"✅ QQ Bot stopped successfully","module":"main","timestamp":"2025-09-01T17:36:24.635Z"}
{"extra":{"message":"hello","user_id":85178516},"level":"info","message":"Received private message","module":"main","timestamp":"2025-09-01T17:37:32.568Z"}
{"extra":{"conversationId":"0c86dcb7-9d3e-41f3-aef6-595e54668c56","responseTime":1341,"userId":85178516},"level":"info","message":"AI conversation completed","module":"main","timestamp":"2025-09-01T17:37:35.204Z"}
{"level":"info","message":"🛑 Stopping QQ Bot...","module":"main","timestamp":"2025-09-01T17:40:19.045Z"}
{"level":"info","message":"✅ QQ Bot stopped successfully","module":"main","timestamp":"2025-09-01T17:40:19.051Z"}
{"level":"info","message":"🚀 Starting QQ Bot...","module":"main","timestamp":"2025-09-01T17:48:50.280Z"}
{"level":"info","message":"✅ Database connected","module":"main","timestamp":"2025-09-01T17:48:50.304Z"}
{"level":"info","message":"✅ HTTP server started","module":"main","timestamp":"2025-09-01T17:48:50.306Z"}
{"level":"info","message":"✅ WebSocket client connected","module":"main","timestamp":"2025-09-01T17:48:50.308Z"}
{"level":"info","message":"WebSocket connected","module":"main","timestamp":"2025-09-01T17:48:50.313Z"}
{"level":"info","message":"🎉 QQ Bot started successfully!","module":"main","timestamp":"2025-09-01T17:48:50.320Z"}
{"extra":{"userId":85178516},"level":"info","message":"Startup notification sent to authorized user","module":"main","timestamp":"2025-09-01T17:48:51.333Z"}
{"extra":{"message":"hello","user_id":85178516},"level":"info","message":"Received private message","module":"main","timestamp":"2025-09-01T18:01:08.174Z"}
{"extra":{"conversationId":"22012f75-b574-4c45-817c-da2c64683cf0","responseTime":5271,"userId":85178516},"level":"info","message":"AI conversation completed","module":"main","timestamp":"2025-09-01T18:01:18.387Z"}
{"extra":{"message":"永劫无间这款游戏是怎么开发的","user_id":85178516},"level":"info","message":"Received private message","module":"main","timestamp":"2025-09-01T18:01:41.343Z"}
{"extra":{"conversationId":"e9f5f2d9-1c93-47ed-a9b2-68f1885a25a8","responseTime":3006,"userId":85178516},"level":"info","message":"AI conversation completed","module":"main","timestamp":"2025-09-01T18:01:47.367Z"}
{"level":"info","message":"🛑 Stopping QQ Bot...","module":"main","timestamp":"2025-09-01T18:06:50.637Z"}
{"level":"info","message":"✅ QQ Bot stopped successfully","module":"main","timestamp":"2025-09-01T18:06:50.645Z"}
{"level":"info","message":"🚀 Starting QQ Bot...","module":"main","timestamp":"2025-09-01T18:06:54.685Z"}
{"level":"info","message":"✅ Database connected","module":"main","timestamp":"2025-09-01T18:06:54.710Z"}
{"level":"info","message":"✅ HTTP server started","module":"main","timestamp":"2025-09-01T18:06:54.712Z"}
{"level":"info","message":"✅ WebSocket client connected","module":"main","timestamp":"2025-09-01T18:06:54.715Z"}
{"level":"info","message":"WebSocket connected","module":"main","timestamp":"2025-09-01T18:06:54.721Z"}
{"level":"info","message":"🎉 QQ Bot started successfully!","module":"main","timestamp":"2025-09-01T18:06:54.724Z"}
{"extra":{"userId":85178516},"level":"info","message":"Startup notification sent to authorized user","module":"main","timestamp":"2025-09-01T18:06:55.738Z"}
{"level":"info","message":"🛑 Stopping QQ Bot...","module":"main","timestamp":"2025-09-01T18:07:18.218Z"}
{"level":"info","message":"✅ QQ Bot stopped successfully","module":"main","timestamp":"2025-09-01T18:07:18.232Z"}
{"level":"info","message":"🚀 Starting QQ Bot...","module":"main","timestamp":"2025-09-01T18:07:46.690Z"}
{"level":"info","message":"✅ Database connected","module":"main","timestamp":"2025-09-01T18:07:46.715Z"}
{"level":"info","message":"✅ HTTP server started","module":"main","timestamp":"2025-09-01T18:07:46.717Z"}
{"level":"info","message":"✅ WebSocket client connected","module":"main","timestamp":"2025-09-01T18:07:46.720Z"}
{"level":"info","message":"WebSocket connected","module":"main","timestamp":"2025-09-01T18:07:46.726Z"}
{"level":"info","message":"🎉 QQ Bot started successfully!","module":"main","timestamp":"2025-09-01T18:07:46.733Z"}
{"extra":{"userId":85178516},"level":"info","message":"Startup notification sent to authorized user","module":"main","timestamp":"2025-09-01T18:07:47.746Z"}
{"level":"info","message":"🛑 Stopping QQ Bot...","module":"main","timestamp":"2025-09-01T18:09:33.615Z"}
{"level":"info","message":"✅ QQ Bot stopped successfully","module":"main","timestamp":"2025-09-01T18:09:33.622Z"}
{"level":"info","message":"🚀 Starting QQ Bot...","module":"main","timestamp":"2025-09-01T18:13:58.197Z"}
{"level":"info","message":"✅ Database connected","module":"main","timestamp":"2025-09-01T18:13:58.223Z"}
{"level":"info","message":"✅ HTTP server started","module":"main","timestamp":"2025-09-01T18:13:58.225Z"}
{"level":"info","message":"✅ WebSocket client connected","module":"main","timestamp":"2025-09-01T18:13:58.228Z"}
{"level":"info","message":"WebSocket connected","module":"main","timestamp":"2025-09-01T18:13:58.234Z"}
{"level":"info","message":"🎉 QQ Bot started successfully!","module":"main","timestamp":"2025-09-01T18:13:58.243Z"}
{"extra":{"userId":85178516},"level":"info","message":"Startup notification sent to authorized user","module":"main","timestamp":"2025-09-01T18:13:59.256Z"}
{"level":"info","message":"🛑 Stopping QQ Bot...","module":"main","timestamp":"2025-09-01T18:15:39.738Z"}
{"level":"info","message":"✅ QQ Bot stopped successfully","module":"main","timestamp":"2025-09-01T18:15:39.746Z"}
{"level":"info","message":"🚀 Starting QQ Bot...","module":"main","timestamp":"2025-09-01T18:19:55.129Z"}
{"level":"info","message":"✅ Database connected","module":"main","timestamp":"2025-09-01T18:19:55.153Z"}
{"level":"info","message":"✅ HTTP server started","module":"main","timestamp":"2025-09-01T18:19:55.155Z"}
{"level":"info","message":"✅ WebSocket client connected","module":"main","timestamp":"2025-09-01T18:19:55.158Z"}
{"level":"info","message":"WebSocket connected","module":"main","timestamp":"2025-09-01T18:19:55.163Z"}
{"level":"info","message":"🎉 QQ Bot started successfully!","module":"main","timestamp":"2025-09-01T18:19:55.168Z"}
{"extra":{"userId":85178516},"level":"info","message":"Startup notification sent to authorized user","module":"main","timestamp":"2025-09-01T18:19:56.182Z"}
{"level":"info","message":"🚀 Starting QQ Bot...","module":"main","timestamp":"2025-09-01T18:19:57.002Z"}
{"level":"info","message":"✅ Database connected","module":"main","timestamp":"2025-09-01T18:19:57.041Z"}
{"level":"info","message":"🛑 Stopping QQ Bot...","module":"main","timestamp":"2025-09-01T18:20:27.445Z"}
{"level":"info","message":"✅ QQ Bot stopped successfully","module":"main","timestamp":"2025-09-01T18:20:27.453Z"}
{"level":"info","message":"🚀 Starting QQ Bot...","module":"main","timestamp":"2025-09-01T18:23:12.582Z"}
{"level":"info","message":"✅ Database connected","module":"main","timestamp":"2025-09-01T18:23:12.620Z"}
{"level":"info","message":"✅ HTTP server started","module":"main","timestamp":"2025-09-01T18:23:12.623Z"}
{"level":"info","message":"✅ WebSocket client connected","module":"main","timestamp":"2025-09-01T18:23:12.628Z"}
{"level":"info","message":"WebSocket connected","module":"main","timestamp":"2025-09-01T18:23:12.637Z"}
{"level":"info","message":"🎉 QQ Bot started successfully!","module":"main","timestamp":"2025-09-01T18:23:12.645Z"}
{"extra":{"userId":85178516},"level":"info","message":"Startup notification sent to authorized user","module":"main","timestamp":"2025-09-01T18:23:13.686Z"}
{"level":"info","message":"🛑 Stopping QQ Bot...","module":"main","timestamp":"2025-09-01T18:23:18.735Z"}
{"level":"info","message":"✅ QQ Bot stopped successfully","module":"main","timestamp":"2025-09-01T18:23:18.745Z"}
{"level":"info","message":"🚀 Starting QQ Bot...","module":"main","timestamp":"2025-09-01T18:23:22.969Z"}
{"level":"info","message":"✅ Database connected","module":"main","timestamp":"2025-09-01T18:23:23.000Z"}
{"level":"info","message":"✅ HTTP server started","module":"main","timestamp":"2025-09-01T18:23:23.002Z"}
{"level":"info","message":"✅ WebSocket client connected","module":"main","timestamp":"2025-09-01T18:23:23.005Z"}
{"level":"info","message":"WebSocket connected","module":"main","timestamp":"2025-09-01T18:23:23.014Z"}
{"level":"info","message":"🎉 QQ Bot started successfully!","module":"main","timestamp":"2025-09-01T18:23:23.020Z"}
{"extra":{"userId":85178516},"level":"info","message":"Startup notification sent to authorized user","module":"main","timestamp":"2025-09-01T18:23:24.035Z"}
{"level":"info","message":"🛑 Stopping QQ Bot...","module":"main","timestamp":"2025-09-01T18:23:38.816Z"}
{"level":"info","message":"✅ QQ Bot stopped successfully","module":"main","timestamp":"2025-09-01T18:23:38.829Z"}
{"level":"info","message":"🚀 Starting QQ Bot...","module":"main","timestamp":"2025-09-01T18:23:44.818Z"}
{"level":"info","message":"✅ Database connected","module":"main","timestamp":"2025-09-01T18:23:44.890Z"}
{"level":"info","message":"✅ HTTP server started","module":"main","timestamp":"2025-09-01T18:23:44.896Z"}
{"level":"info","message":"✅ WebSocket client connected","module":"main","timestamp":"2025-09-01T18:23:44.902Z"}
{"level":"info","message":"WebSocket connected","module":"main","timestamp":"2025-09-01T18:23:44.919Z"}
{"level":"info","message":"🎉 QQ Bot started successfully!","module":"main","timestamp":"2025-09-01T18:23:44.928Z"}
{"extra":{"userId":85178516},"level":"info","message":"Startup notification sent to authorized user","module":"main","timestamp":"2025-09-01T18:23:45.951Z"}
{"level":"info","message":"🛑 Stopping QQ Bot...","module":"main","timestamp":"2025-09-01T18:24:05.004Z"}
{"level":"info","message":"✅ QQ Bot stopped successfully","module":"main","timestamp":"2025-09-01T18:24:05.017Z"}
{"level":"info","message":"🚀 Starting QQ Bot...","module":"main","timestamp":"2025-09-01T18:24:11.780Z"}
{"level":"info","message":"✅ Database connected","module":"main","timestamp":"2025-09-01T18:24:11.830Z"}
{"level":"info","message":"✅ HTTP server started","module":"main","timestamp":"2025-09-01T18:24:11.843Z"}
{"level":"info","message":"✅ WebSocket client connected","module":"main","timestamp":"2025-09-01T18:24:11.855Z"}
{"level":"info","message":"WebSocket connected","module":"main","timestamp":"2025-09-01T18:24:11.883Z"}
{"level":"info","message":"🎉 QQ Bot started successfully!","module":"main","timestamp":"2025-09-01T18:24:11.906Z"}
{"extra":{"userId":85178516},"level":"info","message":"Startup notification sent to authorized user","module":"main","timestamp":"2025-09-01T18:24:12.955Z"}
{"level":"info","message":"🛑 Stopping QQ Bot...","module":"main","timestamp":"2025-09-01T18:24:51.091Z"}
{"level":"info","message":"✅ QQ Bot stopped successfully","module":"main","timestamp":"2025-09-01T18:24:51.125Z"}
{"level":"info","message":"🚀 Starting QQ Bot...","module":"main","timestamp":"2025-09-01T18:24:57.614Z"}
{"level":"info","message":"✅ Database connected","module":"main","timestamp":"2025-09-01T18:24:57.662Z"}
{"level":"info","message":"✅ HTTP server started","module":"main","timestamp":"2025-09-01T18:24:57.665Z"}
{"level":"info","message":"✅ WebSocket client connected","module":"main","timestamp":"2025-09-01T18:24:57.669Z"}
{"level":"info","message":"WebSocket connected","module":"main","timestamp":"2025-09-01T18:24:57.677Z"}
{"level":"info","message":"🎉 QQ Bot started successfully!","module":"main","timestamp":"2025-09-01T18:24:57.683Z"}
{"extra":{"userId":85178516},"level":"info","message":"Startup notification sent to authorized user","module":"main","timestamp":"2025-09-01T18:24:58.711Z"}
{"level":"info","message":"🛑 Stopping QQ Bot...","module":"main","timestamp":"2025-09-01T18:25:11.368Z"}
{"level":"info","message":"✅ QQ Bot stopped successfully","module":"main","timestamp":"2025-09-01T18:25:11.378Z"}
{"level":"info","message":"🚀 Starting QQ Bot...","module":"main","timestamp":"2025-09-01T18:25:15.846Z"}
{"level":"info","message":"✅ Database connected","module":"main","timestamp":"2025-09-01T18:25:15.888Z"}
{"level":"info","message":"✅ HTTP server started","module":"main","timestamp":"2025-09-01T18:25:15.892Z"}
{"level":"info","message":"✅ WebSocket client connected","module":"main","timestamp":"2025-09-01T18:25:15.897Z"}
{"level":"info","message":"WebSocket connected","module":"main","timestamp":"2025-09-01T18:25:15.908Z"}
{"level":"info","message":"🎉 QQ Bot started successfully!","module":"main","timestamp":"2025-09-01T18:25:15.920Z"}
{"extra":{"userId":85178516},"level":"info","message":"Startup notification sent to authorized user","module":"main","timestamp":"2025-09-01T18:25:16.948Z"}
{"level":"info","message":"🛑 Stopping QQ Bot...","module":"main","timestamp":"2025-09-01T18:25:19.163Z"}
{"level":"info","message":"✅ QQ Bot stopped successfully","module":"main","timestamp":"2025-09-01T18:25:19.192Z"}
{"level":"info","message":"🚀 Starting QQ Bot...","module":"main","timestamp":"2025-09-01T18:25:25.857Z"}
{"level":"info","message":"✅ Database connected","module":"main","timestamp":"2025-09-01T18:25:25.938Z"}
{"level":"info","message":"✅ HTTP server started","module":"main","timestamp":"2025-09-01T18:25:25.947Z"}
{"level":"info","message":"✅ WebSocket client connected","module":"main","timestamp":"2025-09-01T18:25:25.955Z"}
{"level":"info","message":"WebSocket connected","module":"main","timestamp":"2025-09-01T18:25:25.974Z"}
{"level":"info","message":"🎉 QQ Bot started successfully!","module":"main","timestamp":"2025-09-01T18:25:25.985Z"}
{"extra":{"userId":85178516},"level":"info","message":"Startup notification sent to authorized user","module":"main","timestamp":"2025-09-01T18:25:27.005Z"}
{"level":"info","message":"🛑 Stopping QQ Bot...","module":"main","timestamp":"2025-09-01T18:25:38.288Z"}
{"level":"info","message":"✅ QQ Bot stopped successfully","module":"main","timestamp":"2025-09-01T18:25:38.296Z"}
{"level":"info","message":"🚀 Starting QQ Bot...","module":"main","timestamp":"2025-09-01T18:25:42.377Z"}
{"level":"info","message":"✅ Database connected","module":"main","timestamp":"2025-09-01T18:25:42.409Z"}
{"level":"info","message":"✅ HTTP server started","module":"main","timestamp":"2025-09-01T18:25:42.412Z"}
{"level":"info","message":"✅ WebSocket client connected","module":"main","timestamp":"2025-09-01T18:25:42.415Z"}
{"level":"info","message":"WebSocket connected","module":"main","timestamp":"2025-09-01T18:25:42.422Z"}
{"level":"info","message":"🎉 QQ Bot started successfully!","module":"main","timestamp":"2025-09-01T18:25:42.430Z"}
{"extra":{"userId":85178516},"level":"info","message":"Startup notification sent to authorized user","module":"main","timestamp":"2025-09-01T18:25:43.444Z"}
{"level":"info","message":"🛑 Stopping QQ Bot...","module":"main","timestamp":"2025-09-01T18:26:36.744Z"}
{"level":"info","message":"✅ QQ Bot stopped successfully","module":"main","timestamp":"2025-09-01T18:26:36.752Z"}
{"level":"info","message":"🚀 Starting QQ Bot...","module":"main","timestamp":"2025-09-01T18:26:40.860Z"}
{"level":"info","message":"✅ Database connected","module":"main","timestamp":"2025-09-01T18:26:40.889Z"}
{"level":"info","message":"✅ HTTP server started","module":"main","timestamp":"2025-09-01T18:26:40.891Z"}
{"level":"info","message":"✅ WebSocket client connected","module":"main","timestamp":"2025-09-01T18:26:40.894Z"}
{"level":"info","message":"WebSocket connected","module":"main","timestamp":"2025-09-01T18:26:40.899Z"}
{"level":"info","message":"🎉 QQ Bot started successfully!","module":"main","timestamp":"2025-09-01T18:26:40.907Z"}
{"extra":{"userId":85178516},"level":"info","message":"Startup notification sent to authorized user","module":"main","timestamp":"2025-09-01T18:26:41.922Z"}
{"level":"info","message":"🛑 Stopping QQ Bot...","module":"main","timestamp":"2025-09-01T18:27:10.817Z"}
{"level":"info","message":"✅ QQ Bot stopped successfully","module":"main","timestamp":"2025-09-01T18:27:10.827Z"}
{"level":"info","message":"🚀 Starting QQ Bot...","module":"main","timestamp":"2025-09-01T18:27:15.085Z"}
{"level":"info","message":"✅ Database connected","module":"main","timestamp":"2025-09-01T18:27:15.118Z"}
{"level":"info","message":"✅ HTTP server started","module":"main","timestamp":"2025-09-01T18:27:15.121Z"}
{"level":"info","message":"✅ WebSocket client connected","module":"main","timestamp":"2025-09-01T18:27:15.125Z"}
{"level":"info","message":"WebSocket connected","module":"main","timestamp":"2025-09-01T18:27:15.134Z"}
{"level":"info","message":"🎉 QQ Bot started successfully!","module":"main","timestamp":"2025-09-01T18:27:15.139Z"}
{"extra":{"userId":85178516},"level":"info","message":"Startup notification sent to authorized user","module":"main","timestamp":"2025-09-01T18:27:16.153Z"}
{"level":"info","message":"🛑 Stopping QQ Bot...","module":"main","timestamp":"2025-09-01T18:27:50.081Z"}
{"level":"info","message":"✅ QQ Bot stopped successfully","module":"main","timestamp":"2025-09-01T18:27:50.090Z"}
{"level":"info","message":"🚀 Starting QQ Bot...","module":"main","timestamp":"2025-09-01T18:27:54.536Z"}
{"level":"info","message":"✅ Database connected","module":"main","timestamp":"2025-09-01T18:27:54.566Z"}
{"level":"info","message":"✅ HTTP server started","module":"main","timestamp":"2025-09-01T18:27:54.568Z"}
{"level":"info","message":"✅ WebSocket client connected","module":"main","timestamp":"2025-09-01T18:27:54.571Z"}
{"level":"info","message":"WebSocket connected","module":"main","timestamp":"2025-09-01T18:27:54.577Z"}
{"level":"info","message":"🎉 QQ Bot started successfully!","module":"main","timestamp":"2025-09-01T18:27:54.585Z"}
{"extra":{"userId":85178516},"level":"info","message":"Startup notification sent to authorized user","module":"main","timestamp":"2025-09-01T18:27:55.600Z"}
{"level":"info","message":"🛑 Stopping QQ Bot...","module":"main","timestamp":"2025-09-01T18:28:05.464Z"}
{"level":"info","message":"✅ QQ Bot stopped successfully","module":"main","timestamp":"2025-09-01T18:28:05.477Z"}
{"level":"info","message":"🚀 Starting QQ Bot...","module":"main","timestamp":"2025-09-01T18:28:09.838Z"}
{"level":"info","message":"✅ Database connected","module":"main","timestamp":"2025-09-01T18:28:09.870Z"}
{"level":"info","message":"✅ HTTP server started","module":"main","timestamp":"2025-09-01T18:28:09.872Z"}
{"level":"info","message":"✅ WebSocket client connected","module":"main","timestamp":"2025-09-01T18:28:09.874Z"}
{"level":"info","message":"WebSocket connected","module":"main","timestamp":"2025-09-01T18:28:09.881Z"}
{"level":"info","message":"🎉 QQ Bot started successfully!","module":"main","timestamp":"2025-09-01T18:28:09.885Z"}
{"extra":{"userId":85178516},"level":"info","message":"Startup notification sent to authorized user","module":"main","timestamp":"2025-09-01T18:28:10.899Z"}
{"level":"info","message":"🛑 Stopping QQ Bot...","module":"main","timestamp":"2025-09-01T18:28:39.974Z"}
{"level":"info","message":"✅ QQ Bot stopped successfully","module":"main","timestamp":"2025-09-01T18:28:39.987Z"}
{"level":"info","message":"🚀 Starting QQ Bot...","module":"main","timestamp":"2025-09-01T18:28:43.905Z"}
{"level":"info","message":"✅ Database connected","module":"main","timestamp":"2025-09-01T18:28:43.933Z"}
{"level":"info","message":"✅ HTTP server started","module":"main","timestamp":"2025-09-01T18:28:43.935Z"}
{"level":"info","message":"✅ WebSocket client connected","module":"main","timestamp":"2025-09-01T18:28:43.939Z"}
{"level":"info","message":"WebSocket connected","module":"main","timestamp":"2025-09-01T18:28:43.944Z"}
{"level":"info","message":"🎉 QQ Bot started successfully!","module":"main","timestamp":"2025-09-01T18:28:43.948Z"}
{"extra":{"userId":85178516},"level":"info","message":"Startup notification sent to authorized user","module":"main","timestamp":"2025-09-01T18:28:44.964Z"}
{"level":"info","message":"🛑 Stopping QQ Bot...","module":"main","timestamp":"2025-09-01T18:28:53.887Z"}
{"level":"info","message":"✅ QQ Bot stopped successfully","module":"main","timestamp":"2025-09-01T18:28:53.899Z"}
{"level":"info","message":"🚀 Starting QQ Bot...","module":"main","timestamp":"2025-09-01T18:28:57.833Z"}
{"level":"info","message":"✅ Database connected","module":"main","timestamp":"2025-09-01T18:28:57.857Z"}
{"level":"info","message":"✅ HTTP server started","module":"main","timestamp":"2025-09-01T18:28:57.859Z"}
{"level":"info","message":"✅ WebSocket client connected","module":"main","timestamp":"2025-09-01T18:28:57.862Z"}
{"level":"info","message":"WebSocket connected","module":"main","timestamp":"2025-09-01T18:28:57.867Z"}
{"level":"info","message":"🎉 QQ Bot started successfully!","module":"main","timestamp":"2025-09-01T18:28:57.875Z"}
{"extra":{"userId":85178516},"level":"info","message":"Startup notification sent to authorized user","module":"main","timestamp":"2025-09-01T18:28:58.889Z"}
{"level":"info","message":"🛑 Stopping QQ Bot...","module":"main","timestamp":"2025-09-01T18:29:08.647Z"}
{"level":"info","message":"✅ QQ Bot stopped successfully","module":"main","timestamp":"2025-09-01T18:29:08.659Z"}
{"level":"info","message":"🚀 Starting QQ Bot...","module":"main","timestamp":"2025-09-01T18:29:12.528Z"}
{"level":"info","message":"✅ Database connected","module":"main","timestamp":"2025-09-01T18:29:12.554Z"}
{"level":"info","message":"✅ HTTP server started","module":"main","timestamp":"2025-09-01T18:29:12.556Z"}
{"level":"info","message":"✅ WebSocket client connected","module":"main","timestamp":"2025-09-01T18:29:12.559Z"}
{"level":"info","message":"WebSocket connected","module":"main","timestamp":"2025-09-01T18:29:12.565Z"}
{"level":"info","message":"🎉 QQ Bot started successfully!","module":"main","timestamp":"2025-09-01T18:29:12.570Z"}
{"extra":{"userId":85178516},"level":"info","message":"Startup notification sent to authorized user","module":"main","timestamp":"2025-09-01T18:29:13.583Z"}
{"level":"info","message":"🛑 Stopping QQ Bot...","module":"main","timestamp":"2025-09-01T18:29:26.670Z"}
{"level":"info","message":"✅ QQ Bot stopped successfully","module":"main","timestamp":"2025-09-01T18:29:26.678Z"}
{"level":"info","message":"🚀 Starting QQ Bot...","module":"main","timestamp":"2025-09-01T18:29:30.532Z"}
{"level":"info","message":"✅ Database connected","module":"main","timestamp":"2025-09-01T18:29:30.557Z"}
{"level":"info","message":"✅ HTTP server started","module":"main","timestamp":"2025-09-01T18:29:30.559Z"}
{"level":"info","message":"✅ WebSocket client connected","module":"main","timestamp":"2025-09-01T18:29:30.562Z"}
{"level":"info","message":"WebSocket connected","module":"main","timestamp":"2025-09-01T18:29:30.569Z"}
{"level":"info","message":"🎉 QQ Bot started successfully!","module":"main","timestamp":"2025-09-01T18:29:30.571Z"}
{"extra":{"userId":85178516},"level":"info","message":"Startup notification sent to authorized user","module":"main","timestamp":"2025-09-01T18:29:31.584Z"}
{"level":"info","message":"🛑 Stopping QQ Bot...","module":"main","timestamp":"2025-09-01T18:29:51.674Z"}
{"level":"info","message":"✅ QQ Bot stopped successfully","module":"main","timestamp":"2025-09-01T18:29:51.689Z"}
{"level":"info","message":"🚀 Starting QQ Bot...","module":"main","timestamp":"2025-09-01T18:29:55.592Z"}
{"level":"info","message":"✅ Database connected","module":"main","timestamp":"2025-09-01T18:29:55.621Z"}
{"level":"info","message":"✅ HTTP server started","module":"main","timestamp":"2025-09-01T18:29:55.623Z"}
{"level":"info","message":"✅ WebSocket client connected","module":"main","timestamp":"2025-09-01T18:29:55.626Z"}
{"level":"info","message":"WebSocket connected","module":"main","timestamp":"2025-09-01T18:29:55.631Z"}
{"level":"info","message":"🎉 QQ Bot started successfully!","module":"main","timestamp":"2025-09-01T18:29:55.639Z"}
{"extra":{"userId":85178516},"level":"info","message":"Startup notification sent to authorized user","module":"main","timestamp":"2025-09-01T18:29:56.653Z"}
{"level":"info","message":"🛑 Stopping QQ Bot...","module":"main","timestamp":"2025-09-01T18:30:20.272Z"}
{"level":"info","message":"✅ QQ Bot stopped successfully","module":"main","timestamp":"2025-09-01T18:30:20.280Z"}
{"level":"info","message":"🚀 Starting QQ Bot...","module":"main","timestamp":"2025-09-01T18:30:24.244Z"}
{"level":"info","message":"✅ Database connected","module":"main","timestamp":"2025-09-01T18:30:24.269Z"}
{"level":"info","message":"✅ HTTP server started","module":"main","timestamp":"2025-09-01T18:30:24.272Z"}
{"level":"info","message":"✅ WebSocket client connected","module":"main","timestamp":"2025-09-01T18:30:24.275Z"}
{"level":"info","message":"WebSocket connected","module":"main","timestamp":"2025-09-01T18:30:24.280Z"}
{"level":"info","message":"🎉 QQ Bot started successfully!","module":"main","timestamp":"2025-09-01T18:30:24.288Z"}
{"extra":{"userId":85178516},"level":"info","message":"Startup notification sent to authorized user","module":"main","timestamp":"2025-09-01T18:30:25.301Z"}
{"level":"info","message":"🛑 Stopping QQ Bot...","module":"main","timestamp":"2025-09-01T18:34:30.735Z"}
{"level":"info","message":"✅ QQ Bot stopped successfully","module":"main","timestamp":"2025-09-01T18:34:30.743Z"}
{"level":"info","message":"🚀 Starting QQ Bot...","module":"main","timestamp":"2025-09-01T18:34:34.620Z"}
{"level":"info","message":"✅ Database connected","module":"main","timestamp":"2025-09-01T18:34:34.651Z"}
{"level":"info","message":"✅ HTTP server started","module":"main","timestamp":"2025-09-01T18:34:34.654Z"}
{"level":"info","message":"✅ WebSocket client connected","module":"main","timestamp":"2025-09-01T18:34:34.657Z"}
{"level":"info","message":"WebSocket connected","module":"main","timestamp":"2025-09-01T18:34:34.663Z"}
{"level":"info","message":"🎉 QQ Bot started successfully!","module":"main","timestamp":"2025-09-01T18:34:34.670Z"}
{"extra":{"userId":85178516},"level":"info","message":"Startup notification sent to authorized user","module":"main","timestamp":"2025-09-01T18:34:35.684Z"}
{"level":"info","message":"🛑 Stopping QQ Bot...","module":"main","timestamp":"2025-09-01T18:34:59.793Z"}
{"level":"info","message":"✅ QQ Bot stopped successfully","module":"main","timestamp":"2025-09-01T18:34:59.800Z"}
{"level":"info","message":"🚀 Starting QQ Bot...","module":"main","timestamp":"2025-09-01T18:35:03.707Z"}
{"level":"info","message":"✅ Database connected","module":"main","timestamp":"2025-09-01T18:35:03.735Z"}
{"level":"info","message":"✅ HTTP server started","module":"main","timestamp":"2025-09-01T18:35:03.737Z"}
{"level":"info","message":"✅ WebSocket client connected","module":"main","timestamp":"2025-09-01T18:35:03.739Z"}
{"level":"info","message":"WebSocket connected","module":"main","timestamp":"2025-09-01T18:35:03.745Z"}
{"level":"info","message":"🎉 QQ Bot started successfully!","module":"main","timestamp":"2025-09-01T18:35:03.749Z"}
{"extra":{"userId":85178516},"level":"info","message":"Startup notification sent to authorized user","module":"main","timestamp":"2025-09-01T18:35:04.762Z"}
{"level":"info","message":"🛑 Stopping QQ Bot...","module":"main","timestamp":"2025-09-01T18:35:17.429Z"}
{"level":"info","message":"✅ QQ Bot stopped successfully","module":"main","timestamp":"2025-09-01T18:35:17.437Z"}
{"level":"info","message":"🚀 Starting QQ Bot...","module":"main","timestamp":"2025-09-01T18:35:21.284Z"}
{"level":"info","message":"✅ Database connected","module":"main","timestamp":"2025-09-01T18:35:21.311Z"}
{"level":"info","message":"✅ HTTP server started","module":"main","timestamp":"2025-09-01T18:35:21.312Z"}
{"level":"info","message":"✅ WebSocket client connected","module":"main","timestamp":"2025-09-01T18:35:21.315Z"}
{"level":"info","message":"WebSocket connected","module":"main","timestamp":"2025-09-01T18:35:21.320Z"}
{"level":"info","message":"🎉 QQ Bot started successfully!","module":"main","timestamp":"2025-09-01T18:35:21.328Z"}
{"extra":{"userId":85178516},"level":"info","message":"Startup notification sent to authorized user","module":"main","timestamp":"2025-09-01T18:35:22.342Z"}
{"level":"info","message":"🛑 Stopping QQ Bot...","module":"main","timestamp":"2025-09-01T18:35:35.114Z"}
{"level":"info","message":"✅ QQ Bot stopped successfully","module":"main","timestamp":"2025-09-01T18:35:35.122Z"}
{"level":"info","message":"🚀 Starting QQ Bot...","module":"main","timestamp":"2025-09-01T18:35:38.956Z"}
{"level":"info","message":"✅ Database connected","module":"main","timestamp":"2025-09-01T18:35:38.981Z"}
{"level":"info","message":"✅ HTTP server started","module":"main","timestamp":"2025-09-01T18:35:38.983Z"}
{"level":"info","message":"✅ WebSocket client connected","module":"main","timestamp":"2025-09-01T18:35:38.986Z"}
{"level":"info","message":"WebSocket connected","module":"main","timestamp":"2025-09-01T18:35:38.991Z"}
{"level":"info","message":"🎉 QQ Bot started successfully!","module":"main","timestamp":"2025-09-01T18:35:39.002Z"}
{"extra":{"userId":85178516},"level":"info","message":"Startup notification sent to authorized user","module":"main","timestamp":"2025-09-01T18:35:40.015Z"}
{"level":"info","message":"🛑 Stopping QQ Bot...","module":"main","timestamp":"2025-09-01T18:35:51.998Z"}
{"level":"info","message":"✅ QQ Bot stopped successfully","module":"main","timestamp":"2025-09-01T18:35:52.007Z"}
{"level":"info","message":"🚀 Starting QQ Bot...","module":"main","timestamp":"2025-09-01T18:35:55.888Z"}
{"level":"info","message":"✅ Database connected","module":"main","timestamp":"2025-09-01T18:35:55.917Z"}
{"level":"info","message":"✅ HTTP server started","module":"main","timestamp":"2025-09-01T18:35:55.919Z"}
{"level":"info","message":"✅ WebSocket client connected","module":"main","timestamp":"2025-09-01T18:35:55.922Z"}
{"level":"info","message":"WebSocket connected","module":"main","timestamp":"2025-09-01T18:35:55.928Z"}
{"level":"info","message":"🎉 QQ Bot started successfully!","module":"main","timestamp":"2025-09-01T18:35:55.932Z"}
{"extra":{"userId":85178516},"level":"info","message":"Startup notification sent to authorized user","module":"main","timestamp":"2025-09-01T18:35:56.950Z"}
{"level":"info","message":"🛑 Stopping QQ Bot...","module":"main","timestamp":"2025-09-01T18:36:30.309Z"}
{"level":"info","message":"✅ QQ Bot stopped successfully","module":"main","timestamp":"2025-09-01T18:36:30.318Z"}
{"level":"info","message":"🚀 Starting QQ Bot...","module":"main","timestamp":"2025-09-01T18:36:34.151Z"}
{"level":"info","message":"✅ Database connected","module":"main","timestamp":"2025-09-01T18:36:34.177Z"}
{"level":"info","message":"✅ HTTP server started","module":"main","timestamp":"2025-09-01T18:36:34.178Z"}
{"level":"info","message":"✅ WebSocket client connected","module":"main","timestamp":"2025-09-01T18:36:34.181Z"}
{"level":"info","message":"WebSocket connected","module":"main","timestamp":"2025-09-01T18:36:34.187Z"}
{"level":"info","message":"🎉 QQ Bot started successfully!","module":"main","timestamp":"2025-09-01T18:36:34.191Z"}
{"extra":{"userId":85178516},"level":"info","message":"Startup notification sent to authorized user","module":"main","timestamp":"2025-09-01T18:36:35.206Z"}
{"level":"info","message":"🛑 Stopping QQ Bot...","module":"main","timestamp":"2025-09-01T18:37:24.602Z"}
{"level":"info","message":"✅ QQ Bot stopped successfully","module":"main","timestamp":"2025-09-01T18:37:24.610Z"}
{"level":"info","message":"🚀 Starting QQ Bot...","module":"main","timestamp":"2025-09-01T18:37:28.655Z"}
{"level":"info","message":"✅ Database connected","module":"main","timestamp":"2025-09-01T18:37:28.683Z"}
{"level":"info","message":"✅ HTTP server started","module":"main","timestamp":"2025-09-01T18:37:28.685Z"}
{"level":"info","message":"✅ WebSocket client connected","module":"main","timestamp":"2025-09-01T18:37:28.688Z"}
{"level":"info","message":"WebSocket connected","module":"main","timestamp":"2025-09-01T18:37:28.694Z"}
{"level":"info","message":"🎉 QQ Bot started successfully!","module":"main","timestamp":"2025-09-01T18:37:28.699Z"}
{"extra":{"userId":85178516},"level":"info","message":"Startup notification sent to authorized user","module":"main","timestamp":"2025-09-01T18:37:29.712Z"}
{"level":"info","message":"🛑 Stopping QQ Bot...","module":"main","timestamp":"2025-09-01T18:38:35.017Z"}
{"level":"info","message":"✅ QQ Bot stopped successfully","module":"main","timestamp":"2025-09-01T18:38:35.026Z"}
{"level":"info","message":"🚀 Starting QQ Bot...","module":"main","timestamp":"2025-09-01T18:38:38.868Z"}
{"level":"info","message":"✅ Database connected","module":"main","timestamp":"2025-09-01T18:38:38.894Z"}
{"level":"info","message":"✅ HTTP server started","module":"main","timestamp":"2025-09-01T18:38:38.896Z"}
{"level":"info","message":"✅ WebSocket client connected","module":"main","timestamp":"2025-09-01T18:38:38.898Z"}
{"level":"info","message":"WebSocket connected","module":"main","timestamp":"2025-09-01T18:38:38.904Z"}
{"level":"info","message":"🎉 QQ Bot started successfully!","module":"main","timestamp":"2025-09-01T18:38:38.912Z"}
{"extra":{"userId":85178516},"level":"info","message":"Startup notification sent to authorized user","module":"main","timestamp":"2025-09-01T18:38:39.925Z"}
{"level":"info","message":"🛑 Stopping QQ Bot...","module":"main","timestamp":"2025-09-01T18:39:32.774Z"}
{"level":"info","message":"✅ QQ Bot stopped successfully","module":"main","timestamp":"2025-09-01T18:39:32.786Z"}
{"level":"info","message":"🚀 Starting QQ Bot...","module":"main","timestamp":"2025-09-01T18:39:36.612Z"}
{"level":"info","message":"✅ Database connected","module":"main","timestamp":"2025-09-01T18:39:36.637Z"}
{"level":"info","message":"✅ HTTP server started","module":"main","timestamp":"2025-09-01T18:39:36.639Z"}
{"level":"info","message":"✅ WebSocket client connected","module":"main","timestamp":"2025-09-01T18:39:36.641Z"}
{"level":"info","message":"WebSocket connected","module":"main","timestamp":"2025-09-01T18:39:36.647Z"}
{"level":"info","message":"🎉 QQ Bot started successfully!","module":"main","timestamp":"2025-09-01T18:39:36.651Z"}
{"extra":{"userId":85178516},"level":"info","message":"Startup notification sent to authorized user","module":"main","timestamp":"2025-09-01T18:39:37.666Z"}
{"level":"info","message":"🛑 Stopping QQ Bot...","module":"main","timestamp":"2025-09-01T18:39:50.994Z"}
{"level":"info","message":"✅ QQ Bot stopped successfully","module":"main","timestamp":"2025-09-01T18:39:51.002Z"}
{"level":"info","message":"🚀 Starting QQ Bot...","module":"main","timestamp":"2025-09-01T18:39:54.853Z"}
{"level":"info","message":"✅ Database connected","module":"main","timestamp":"2025-09-01T18:39:54.879Z"}
{"level":"info","message":"✅ HTTP server started","module":"main","timestamp":"2025-09-01T18:39:54.881Z"}
{"level":"info","message":"✅ WebSocket client connected","module":"main","timestamp":"2025-09-01T18:39:54.884Z"}
{"level":"info","message":"WebSocket connected","module":"main","timestamp":"2025-09-01T18:39:54.891Z"}
{"level":"info","message":"🎉 QQ Bot started successfully!","module":"main","timestamp":"2025-09-01T18:39:54.895Z"}
{"extra":{"userId":85178516},"level":"info","message":"Startup notification sent to authorized user","module":"main","timestamp":"2025-09-01T18:39:55.909Z"}
{"level":"info","message":"🛑 Stopping QQ Bot...","module":"main","timestamp":"2025-09-01T18:40:06.290Z"}
{"level":"info","message":"✅ QQ Bot stopped successfully","module":"main","timestamp":"2025-09-01T18:40:06.304Z"}
{"level":"info","message":"🚀 Starting QQ Bot...","module":"main","timestamp":"2025-09-01T18:40:10.128Z"}
{"level":"info","message":"✅ Database connected","module":"main","timestamp":"2025-09-01T18:40:10.154Z"}
{"level":"info","message":"✅ HTTP server started","module":"main","timestamp":"2025-09-01T18:40:10.156Z"}
{"level":"info","message":"✅ WebSocket client connected","module":"main","timestamp":"2025-09-01T18:40:10.158Z"}
{"level":"info","message":"WebSocket connected","module":"main","timestamp":"2025-09-01T18:40:10.163Z"}
{"level":"info","message":"🎉 QQ Bot started successfully!","module":"main","timestamp":"2025-09-01T18:40:10.171Z"}
{"extra":{"userId":85178516},"level":"info","message":"Startup notification sent to authorized user","module":"main","timestamp":"2025-09-01T18:40:11.183Z"}
{"level":"info","message":"🛑 Stopping QQ Bot...","module":"main","timestamp":"2025-09-01T18:40:23.898Z"}
{"level":"info","message":"✅ QQ Bot stopped successfully","module":"main","timestamp":"2025-09-01T18:40:23.905Z"}
{"level":"info","message":"🚀 Starting QQ Bot...","module":"main","timestamp":"2025-09-01T18:40:27.803Z"}
{"level":"info","message":"✅ Database connected","module":"main","timestamp":"2025-09-01T18:40:27.831Z"}
{"level":"info","message":"✅ HTTP server started","module":"main","timestamp":"2025-09-01T18:40:27.833Z"}
{"level":"info","message":"✅ WebSocket client connected","module":"main","timestamp":"2025-09-01T18:40:27.836Z"}
{"level":"info","message":"WebSocket connected","module":"main","timestamp":"2025-09-01T18:40:27.841Z"}
{"level":"info","message":"🎉 QQ Bot started successfully!","module":"main","timestamp":"2025-09-01T18:40:27.847Z"}
{"extra":{"userId":85178516},"level":"info","message":"Startup notification sent to authorized user","module":"main","timestamp":"2025-09-01T18:40:28.859Z"}
{"level":"info","message":"🛑 Stopping QQ Bot...","module":"main","timestamp":"2025-09-01T18:40:41.064Z"}
{"level":"info","message":"✅ QQ Bot stopped successfully","module":"main","timestamp":"2025-09-01T18:40:41.072Z"}
{"level":"info","message":"🚀 Starting QQ Bot...","module":"main","timestamp":"2025-09-01T18:40:45.015Z"}
{"level":"info","message":"✅ Database connected","module":"main","timestamp":"2025-09-01T18:40:45.039Z"}
{"level":"info","message":"✅ HTTP server started","module":"main","timestamp":"2025-09-01T18:40:45.041Z"}
{"level":"info","message":"✅ WebSocket client connected","module":"main","timestamp":"2025-09-01T18:40:45.044Z"}
{"level":"info","message":"WebSocket connected","module":"main","timestamp":"2025-09-01T18:40:45.050Z"}
{"level":"info","message":"🎉 QQ Bot started successfully!","module":"main","timestamp":"2025-09-01T18:40:45.054Z"}
{"extra":{"userId":85178516},"level":"info","message":"Startup notification sent to authorized user","module":"main","timestamp":"2025-09-01T18:40:46.067Z"}
{"level":"info","message":"🛑 Stopping QQ Bot...","module":"main","timestamp":"2025-09-01T18:41:14.863Z"}
{"level":"info","message":"✅ QQ Bot stopped successfully","module":"main","timestamp":"2025-09-01T18:41:14.870Z"}
{"level":"info","message":"🚀 Starting QQ Bot...","module":"main","timestamp":"2025-09-01T18:41:18.754Z"}
{"level":"info","message":"✅ Database connected","module":"main","timestamp":"2025-09-01T18:41:18.781Z"}
{"level":"info","message":"✅ HTTP server started","module":"main","timestamp":"2025-09-01T18:41:18.783Z"}
{"level":"info","message":"✅ WebSocket client connected","module":"main","timestamp":"2025-09-01T18:41:18.786Z"}
{"level":"info","message":"WebSocket connected","module":"main","timestamp":"2025-09-01T18:41:18.791Z"}
{"level":"info","message":"🎉 QQ Bot started successfully!","module":"main","timestamp":"2025-09-01T18:41:18.799Z"}
{"extra":{"userId":85178516},"level":"info","message":"Startup notification sent to authorized user","module":"main","timestamp":"2025-09-01T18:41:19.811Z"}
{"level":"info","message":"🛑 Stopping QQ Bot...","module":"main","timestamp":"2025-09-01T18:41:52.481Z"}
{"level":"info","message":"✅ QQ Bot stopped successfully","module":"main","timestamp":"2025-09-01T18:41:52.490Z"}
